Component: ARM Compiler 5.06 update 7 (build 960) Tool: armlink [4d3601]

==============================================================================

Section Cross References

    main.o(.text) refers to _printf_percent.o(.ARM.Collect$$_printf_percent$$00000000) for _printf_percent
    main.o(.text) refers to _printf_d.o(.ARM.Collect$$_printf_percent$$00000009) for _printf_d
    main.o(.text) refers to _printf_f.o(.ARM.Collect$$_printf_percent$$00000003) for _printf_f
    main.o(.text) refers to _printf_dec.o(.text) for _printf_int_dec
    main.o(.text) refers to printf1.o(x$fpl$printf1) for _printf_fp_dec
    main.o(.text) refers to misc.o(.text) for NVIC_PriorityGroupConfig
    main.o(.text) refers to delay.o(.text) for delay_init
    main.o(.text) refers to usart.o(.text) for uart_init
    main.o(.text) refers to oled.o(.text) for OLED_Init
    main.o(.text) refers to adc.o(.text) for Adc_Init
    main.o(.text) refers to motor.o(.text) for Motor_Init
    main.o(.text) refers to pid.o(.text) for PID_Init
    main.o(.text) refers to timer.o(.text) for TIM7_Int_Init
    main.o(.text) refers to usart2.o(.text) for uart2_init
    main.o(.text) refers to tof.o(.text) for TOF10120_Init
    main.o(.text) refers to usart3.o(.text) for usart3_init
    main.o(.text) refers to kalman.o(.text) for Kalman_Init
    main.o(.text) refers to f2d.o(x$fpl$f2d) for __aeabi_f2d
    main.o(.text) refers to noretval__2printf.o(.text) for __2printf
    main.o(.text) refers to kalman.o(.bss) for kfp_x
    main.o(.text) refers to motor.o(.data) for motor_C
    main.o(.text) refers to adc.o(.bss) for ADC_Values
    main.o(.text) refers to tof.o(.data) for length_val
    main.o(.text) refers to pid.o(.data) for Y_PID_OUT
    main.o(.text) refers to timer.o(.data) for ADC_Low_Values
    system_stm32f4xx.o(.text) refers to system_stm32f4xx.o(.data) for SystemCoreClock
    startup_stm32f40_41xxx.o(STACK) refers (Special) to heapauxi.o(.text) for __use_two_region_memory
    startup_stm32f40_41xxx.o(HEAP) refers (Special) to heapauxi.o(.text) for __use_two_region_memory
    startup_stm32f40_41xxx.o(RESET) refers (Special) to heapauxi.o(.text) for __use_two_region_memory
    startup_stm32f40_41xxx.o(RESET) refers to startup_stm32f40_41xxx.o(STACK) for __initial_sp
    startup_stm32f40_41xxx.o(RESET) refers to startup_stm32f40_41xxx.o(.text) for Reset_Handler
    startup_stm32f40_41xxx.o(RESET) refers to stm32f4xx_it.o(.text) for NMI_Handler
    startup_stm32f40_41xxx.o(RESET) refers to usart.o(.text) for USART1_IRQHandler
    startup_stm32f40_41xxx.o(RESET) refers to usart2.o(.text) for USART2_IRQHandler
    startup_stm32f40_41xxx.o(RESET) refers to usart3.o(.text) for USART3_IRQHandler
    startup_stm32f40_41xxx.o(RESET) refers to timer.o(.text) for TIM7_IRQHandler
    startup_stm32f40_41xxx.o(.text) refers (Special) to heapauxi.o(.text) for __use_two_region_memory
    startup_stm32f40_41xxx.o(.text) refers to system_stm32f4xx.o(.text) for SystemInit
    startup_stm32f40_41xxx.o(.text) refers to __main.o(!!!main) for __main
    startup_stm32f40_41xxx.o(.text) refers to startup_stm32f40_41xxx.o(HEAP) for Heap_Mem
    startup_stm32f40_41xxx.o(.text) refers to startup_stm32f40_41xxx.o(STACK) for Stack_Mem
    stm32f4xx_adc.o(.text) refers to stm32f4xx_rcc.o(.text) for RCC_APB2PeriphResetCmd
    stm32f4xx_can.o(.text) refers to stm32f4xx_rcc.o(.text) for RCC_APB1PeriphResetCmd
    stm32f4xx_cryp.o(.text) refers to stm32f4xx_rcc.o(.text) for RCC_AHB2PeriphResetCmd
    stm32f4xx_cryp_aes.o(.text) refers to stm32f4xx_cryp.o(.text) for CRYP_KeyStructInit
    stm32f4xx_cryp_des.o(.text) refers to stm32f4xx_cryp.o(.text) for CRYP_KeyStructInit
    stm32f4xx_cryp_tdes.o(.text) refers to stm32f4xx_cryp.o(.text) for CRYP_KeyStructInit
    stm32f4xx_dac.o(.text) refers to stm32f4xx_rcc.o(.text) for RCC_APB1PeriphResetCmd
    stm32f4xx_dma2d.o(.text) refers to stm32f4xx_rcc.o(.text) for RCC_AHB1PeriphResetCmd
    stm32f4xx_fsmc.o(.text) refers to stm32f4xx_fsmc.o(.constdata) for FSMC_DefaultTimingStruct
    stm32f4xx_gpio.o(.text) refers to stm32f4xx_rcc.o(.text) for RCC_AHB1PeriphResetCmd
    stm32f4xx_hash.o(.text) refers to stm32f4xx_rcc.o(.text) for RCC_AHB2PeriphResetCmd
    stm32f4xx_hash_md5.o(.text) refers to stm32f4xx_hash.o(.text) for HASH_DeInit
    stm32f4xx_hash_sha1.o(.text) refers to stm32f4xx_hash.o(.text) for HASH_DeInit
    stm32f4xx_i2c.o(.text) refers to stm32f4xx_rcc.o(.text) for RCC_APB1PeriphResetCmd
    stm32f4xx_ltdc.o(.text) refers to stm32f4xx_rcc.o(.text) for RCC_APB2PeriphResetCmd
    stm32f4xx_pwr.o(.text) refers to stm32f4xx_rcc.o(.text) for RCC_APB1PeriphResetCmd
    stm32f4xx_rcc.o(.text) refers to stm32f4xx_rcc.o(.data) for APBAHBPrescTable
    stm32f4xx_rng.o(.text) refers to stm32f4xx_rcc.o(.text) for RCC_AHB2PeriphResetCmd
    stm32f4xx_sai.o(.text) refers to stm32f4xx_rcc.o(.text) for RCC_APB2PeriphResetCmd
    stm32f4xx_sdio.o(.text) refers to stm32f4xx_rcc.o(.text) for RCC_APB2PeriphResetCmd
[...]
    .text                                    0x08001900   Section        0  stm32f4xx_tim.o(.text)
    TI4_Config                               0x0800209f   Thumb Code    80  stm32f4xx_tim.o(.text)
    TI3_Config                               0x08002101   Thumb Code    72  stm32f4xx_tim.o(.text)
    TI2_Config                               0x08002163   Thumb Code    90  stm32f4xx_tim.o(.text)
    TI1_Config                               0x080021cf   Thumb Code    58  stm32f4xx_tim.o(.text)
    .text                                    0x080025a4   Section        0  stm32f4xx_usart.o(.text)
    .text                                    0x080029f8   Section        0  delay.o(.text)
    .text                                    0x08002afc   Section        0  usart.o(.text)
    .text                                    0x08002c44   Section        0  oled.o(.text)
    .text                                    0x08003740   Section        0  adc.o(.text)
    .text                                    0x0800389c   Section        0  motor.o(.text)
    .text                                    0x08003c78   Section        0  pid.o(.text)
    .text                                    0x08003ea4   Section        0  timer.o(.text)
    .text                                    0x08004114   Section        0  tof.o(.text)
    .text                                    0x08004320   Section        0  usart2.o(.text)
    .text                                    0x080044b0   Section        0  jy61p.o(.text)
    .text                                    0x080045ec   Section        0  usart3.o(.text)
    .text                                    0x080046c8   Section        0  kalman.o(.text)
    .text                                    0x08004770   Section        2  use_no_semi_2.o(.text)
    .text                                    0x08004774   Section        0  noretval__2printf.o(.text)
    .text                                    0x0800478c   Section        0  __printf.o(.text)
    .text                                    0x080047f4   Section        0  _printf_dec.o(.text)
    .text                                    0x0800486c   Section        0  heapauxi.o(.text)
    .text                                    0x08004872   Section        2  use_no_semi.o(.text)
    .text                                    0x08004874   Section        0  _printf_intcommon.o(.text)
    .text                                    0x08004926   Section        0  _printf_fp_dec.o(.text)
    _fp_digits                               0x08004929   Thumb Code   432  _printf_fp_dec.o(.text)
    .text                                    0x08004d44   Section        0  _printf_char_file.o(.text)
    .text                                    0x08004d68   Section        8  rt_locale_intlibspace.o(.text)
    .text                                    0x08004d70   Section      138  lludiv10.o(.text)
    .text                                    0x08004dfc   Section        0  _printf_char_common.o(.text)
    _printf_input_char                       0x08004dfd   Thumb Code    10  _printf_char_common.o(.text)
    .text                                    0x08004e2c   Section        0  _printf_fp_infnan.o(.text)
    .text                                    0x08004eac   Section        0  bigflt0.o(.text)
    .text                                    0x08004f90   Section        0  ferror.o(.text)
    .text                                    0x08004f98   Section        8  libspace.o(.text)
    .text                                    0x08004fa0   Section       74  sys_stackheap_outer.o(.text)
    .text                                    0x08004fea   Section        0  exit.o(.text)
    .text                                    0x08004ffc   Section      128  strcmpv7m.o(.text)
    CL$$btod_d2e                             0x0800507c   Section       62  btod.o(CL$$btod_d2e)
    CL$$btod_d2e_denorm_low                  0x080050ba   Section       70  btod.o(CL$$btod_d2e_denorm_low)
    CL$$btod_d2e_norm_op1                    0x08005100   Section       96  btod.o(CL$$btod_d2e_norm_op1)
    CL$$btod_div_common                      0x08005160   Section      824  btod.o(CL$$btod_div_common)
    CL$$btod_e2e                             0x08005498   Section      220  btod.o(CL$$btod_e2e)
    CL$$btod_ediv                            0x08005574   Section       42  btod.o(CL$$btod_ediv)
    CL$$btod_emul                            0x0800559e   Section       42  btod.o(CL$$btod_emul)
    CL$$btod_mult_common                     0x080055c8   Section      580  btod.o(CL$$btod_mult_common)
    i.__ARM_fpclassify                       0x0800580c   Section        0  fpclassify.o(i.__ARM_fpclassify)
    locale$$code                             0x0800583c   Section       44  lc_numeric_c.o(locale$$code)
    x$fpl$dadd                               0x08005868   Section      336  daddsub_clz.o(x$fpl$dadd)
    $v0                                      0x08005868   Number         0  daddsub_clz.o(x$fpl$dadd)
    _dadd1                                   0x08005879   Thumb Code     0  daddsub_clz.o(x$fpl$dadd)
    x$fpl$dfixu                              0x080059b8   Section       90  dfixu.o(x$fpl$dfixu)
    $v0                                      0x080059b8   Number         0  dfixu.o(x$fpl$dfixu)
    x$fpl$dfltu                              0x08005a12   Section       38  dflt_clz.o(x$fpl$dfltu)
    $v0                                      0x08005a12   Number         0  dflt_clz.o(x$fpl$dfltu)
    x$fpl$dmul                               0x08005a38   Section      340  dmul.o(x$fpl$dmul)
    $v0                                      0x08005a38   Number         0  dmul.o(x$fpl$dmul)
    x$fpl$dnaninf                            0x08005b8c   Section      156  dnaninf.o(x$fpl$dnaninf)
    $v0                                      0x08005b8c   Number         0  dnaninf.o(x$fpl$dnaninf)
    x$fpl$dretinf                            0x08005c28   Section       12  dretinf.o(x$fpl$dretinf)
    $v0                                      0x08005c28   Number         0  dretinf.o(x$fpl$dretinf)
    x$fpl$dsub                               0x08005c34   Section      468  daddsub_clz.o(x$fpl$dsub)
    $v0                                      0x08005c34   Number         0  daddsub_clz.o(x$fpl$dsub)
    _dsub1                                   0x08005c45   Thumb Code     0  daddsub_clz.o(x$fpl$dsub)
    x$fpl$f2d                                0x08005e08   Section       86  f2d.o(x$fpl$f2d)
    $v0                                      0x08005e08   Number         0  f2d.o(x$fpl$f2d)
    x$fpl$fnaninf                            0x08005e5e   Section      140  fnaninf.o(x$fpl$fnaninf)
    $v0                                      0x08005e5e   Number         0  fnaninf.o(x$fpl$fnaninf)
    x$fpl$fpinit                             0x08005eea   Section       10  fpinit.o(x$fpl$fpinit)
    $v0                                      0x08005eea   Number         0  fpinit.o(x$fpl$fpinit)
    x$fpl$printf1                            0x08005ef4   Section        4  printf1.o(x$fpl$printf1)
    $v0                                      0x08005ef4   Number         0  printf1.o(x$fpl$printf1)
    .constdata                               0x08005ef8   Section     7696  oled.o(.constdata)
    x$fpl$usenofp                            0x08005ef8   Section        0  usenofp.o(x$fpl$usenofp)
    .constdata                               0x08007d08   Section      148  bigflt0.o(.constdata)
    tenpwrs_x                                0x08007d08   Data          60  bigflt0.o(.constdata)
    tenpwrs_i                                0x08007d44   Data          64  bigflt0.o(.constdata)
    locale$$data                             0x08007dbc   Section       28  lc_numeric_c.o(locale$$data)
    __lcnum_c_name                           0x08007dc0   Data           2  lc_numeric_c.o(locale$$data)
    __lcnum_c_start                          0x08007dc8   Data           0  lc_numeric_c.o(locale$$data)
    __lcnum_c_point                          0x08007dd4   Data           0  lc_numeric_c.o(locale$$data)
    __lcnum_c_thousands                      0x08007dd6   Data           0  lc_numeric_c.o(locale$$data)
    __lcnum_c_grouping                       0x08007dd7   Data           0  lc_numeric_c.o(locale$$data)
    __lcnum_c_end                            0x08007dd8   Data           0  lc_numeric_c.o(locale$$data)
    .data                                    0x20000000   Section       20  system_stm32f4xx.o(.data)
    .data                                    0x20000014   Section       16  stm32f4xx_rcc.o(.data)
    APBAHBPrescTable                         0x20000014   Data          16  stm32f4xx_rcc.o(.data)
    .data                                    0x20000024   Section        4  delay.o(.data)
    fac_us                                   0x20000024   Data           1  delay.o(.data)
    fac_ms                                   0x20000026   Data           2  delay.o(.data)
    .data                                    0x20000028   Section        6  usart.o(.data)
    .data                                    0x2000002e   Section       40  motor.o(.data)
    .data                                    0x20000058   Section       24  pid.o(.data)
    .data                                    0x20000070   Section       14  timer.o(.data)
    .data                                    0x20000080   Section       12  tof.o(.data)
    .data                                    0x2000008c   Section        1  jy61p.o(.data)
    len                                      0x2000008c   Data           1  jy61p.o(.data)
    .bss                                     0x20000090   Section      200  usart.o(.bss)
    .bss                                     0x20000158   Section     1152  oled.o(.bss)
    .bss                                     0x200005d8   Section       10  adc.o(.bss)
    .bss                                     0x200005e4   Section      120  pid.o(.bss)
    .bss                                     0x2000065c   Section       16  tof.o(.bss)
    .bss                                     0x2000066c   Section      310  jy61p.o(.bss)
    RX_Data                                  0x200006a8   Data         250  jy61p.o(.bss)
    .bss                                     0x200007a4   Section       84  kalman.o(.bss)
    .bss                                     0x200007f8   Section       96  libspace.o(.bss)
    HEAP                                     0x20000858   Section      512  startup_stm32f40_41xxx.o(HEAP)
    Heap_Mem                                 0x20000858   Data         512  startup_stm32f40_41xxx.o(HEAP)
    STACK                                    0x20000a58   Section     1024  startup_stm32f40_41xxx.o(STACK)
    Stack_Mem                                0x20000a58   Data        1024  startup_stm32f40_41xxx.o(STACK)
    __initial_sp                             0x20000e58   Data           0  startup_stm32f40_41xxx.o(STACK)

    Global Symbols

    Symbol Name                              Value     Ov Type        Size  Object(Section)

    BuildAttributes$$THM_ISAv4$E$P$D$K$B$S$7EM$VFPi3$EXTD16$VFPS$VFMA$PE$A:L22UL41UL21$X:L11$S22US41US21$IEEE1$IW$USESV6$~STKCKD$USESV7$~SHL$OTIME$ROPI$IEEEJ$EBA8$UX$STANDARDLIB$REQ8$PRES8$EABIv2 0x00000000   Number         0  anon$$obj.o ABSOLUTE
    __ARM_use_no_argv                        0x00000000   Number         0  main.o ABSOLUTE
    __ARM_exceptions_init                     - Undefined Weak Reference
    __alloca_initialize                       - Undefined Weak Reference
    __arm_fini_                               - Undefined Weak Reference
    __arm_preinit_                            - Undefined Weak Reference
    __cpp_initialize__aeabi_                  - Undefined Weak Reference
    __cxa_finalize                            - Undefined Weak Reference
    __sigvec_lookup                           - Undefined Weak Reference
    _atexit_init                              - Undefined Weak Reference
    _call_atexit_fns                          - Undefined Weak Reference
    _clock_init                               - Undefined Weak Reference
    _fp_trap_init                             - Undefined Weak Reference
    _fp_trap_shutdown                         - Undefined Weak Reference
    _get_lc_collate                           - Undefined Weak Reference
    _get_lc_ctype                             - Undefined Weak Reference
    _get_lc_monetary                          - Undefined Weak Reference
    _get_lc_time                              - Undefined Weak Reference
    _getenv_init                              - Undefined Weak Reference
    _handle_redirection                       - Undefined Weak Reference
    _init_alloc                               - Undefined Weak Reference
    _init_user_alloc                          - Undefined Weak Reference
    _initio                                   - Undefined Weak Reference
    _mutex_acquire                            - Undefined Weak Reference
    _mutex_release                            - Undefined Weak Reference
    _printf_post_padding                      - Undefined Weak Reference
    _printf_pre_padding                       - Undefined Weak Reference
    _printf_truncate_signed                   - Undefined Weak Reference
    _printf_truncate_unsigned                 - Undefined Weak Reference
    _rand_init                                - Undefined Weak Reference
    _signal_finish                            - Undefined Weak Reference
    _signal_init                              - Undefined Weak Reference
    _terminate_alloc                          - Undefined Weak Reference
    _terminate_user_alloc                     - Undefined Weak Reference
    _terminateio                              - Undefined Weak Reference
    __Vectors_Size                           0x00000188   Number         0  startup_stm32f40_41xxx.o ABSOLUTE
    __Vectors                                0x08000000   Data           4  startup_stm32f40_41xxx.o(RESET)
    __Vectors_End                            0x08000188   Data           0  startup_stm32f40_41xxx.o(RESET)
    __main                                   0x08000189   Thumb Code     8  __main.o(!!!main)
    __scatterload                            0x08000191   Thumb Code     0  __scatter.o(!!!scatter)
    __scatterload_rt2                        0x08000191   Thumb Code    44  __scatter.o(!!!scatter)
    __scatterload_rt2_thumb_only             0x08000191   Thumb Code     0  __scatter.o(!!!scatter)
    __scatterload_null                       0x0800019f   Thumb Code     0  __scatter.o(!!!scatter)
    __scatterload_copy                       0x080001c5   Thumb Code    26  __scatter_copy.o(!!handler_copy)
    __scatterload_zeroinit                   0x080001e1   Thumb Code    28  __scatter_zi.o(!!handler_zi)
    _printf_f                                0x080001fd   Thumb Code     0  _printf_f.o(.ARM.Collect$$_printf_percent$$00000003)
    _printf_percent                          0x080001fd   Thumb Code     0  _printf_percent.o(.ARM.Collect$$_printf_percent$$00000000)
    _printf_d                                0x08000203   Thumb Code     0  _printf_d.o(.ARM.Collect$$_printf_percent$$00000009)
    _printf_percent_end                      0x08000209   Thumb Code     0  _printf_percent_end.o(.ARM.Collect$$_printf_percent$$00000017)
    __rt_lib_init                            0x0800020d   Thumb Code     0  libinit.o(.ARM.Collect$$libinit$$00000000)
    __rt_lib_init_fp_1                       0x0800020f   Thumb Code     0  libinit2.o(.ARM.Collect$$libinit$$00000001)
    __rt_lib_init_heap_1                     0x08000213   Thumb Code     0  libinit2.o(.ARM.Collect$$libinit$$0000000A)
    __rt_lib_init_lc_common                  0x08000213   Thumb Code     0  libinit2.o(.ARM.Collect$$libinit$$0000000F)
    __rt_lib_init_preinit_1                  0x08000213   Thumb Code     0  libinit2.o(.ARM.Collect$$libinit$$00000004)
    __rt_lib_init_rand_1                     0x08000213   Thumb Code     0  libinit2.o(.ARM.Collect$$libinit$$0000000E)
    __rt_lib_init_user_alloc_1               0x08000213   Thumb Code     0  libinit2.o(.ARM.Collect$$libinit$$0000000C)
    __rt_lib_init_lc_collate_1               0x08000219   Thumb Code     0  libinit2.o(.ARM.Collect$$libinit$$00000011)
    __rt_lib_init_lc_ctype_1                 0x08000219   Thumb Code     0  libinit2.o(.ARM.Collect$$libinit$$00000013)
    __rt_lib_init_lc_monetary_1              0x08000219   Thumb Code     0  libinit2.o(.ARM.Collect$$libinit$$00000015)
    __rt_lib_init_lc_numeric_2               0x08000219   Thumb Code     0  libinit2.o(.ARM.Collect$$libinit$$00000016)
    __rt_lib_init_alloca_1                   0x08000223   Thumb Code     0  libinit2.o(.ARM.Collect$$libinit$$0000002E)
    __rt_lib_init_argv_1                     0x08000223   Thumb Code     0  libinit2.o(.ARM.Collect$$libinit$$0000002C)
    __rt_lib_init_atexit_1                   0x08000223   Thumb Code     0  libinit2.o(.ARM.Collect$$libinit$$0000001B)
    __rt_lib_init_clock_1                    0x08000223   Thumb Code     0  libinit2.o(.ARM.Collect$$libinit$$00000021)
    __rt_lib_init_cpp_1                      0x08000223   Thumb Code     0  libinit2.o(.ARM.Collect$$libinit$$00000032)
    __rt_lib_init_exceptions_1               0x08000223   Thumb Code     0  libinit2.o(.ARM.Collect$$libinit$$00000030)
    __rt_lib_init_fp_trap_1                  0x08000223   Thumb Code     0  libinit2.o(.ARM.Collect$$libinit$$0000001F)
    __rt_lib_init_getenv_1                   0x08000223   Thumb Code     0  libinit2.o(.ARM.Collect$$libinit$$00000023)
    __rt_lib_init_lc_numeric_1               0x08000223   Thumb Code     0  libinit2.o(.ARM.Collect$$libinit$$00000017)
    __rt_lib_init_lc_time_1                  0x08000223   Thumb Code     0  libinit2.o(.ARM.Collect$$libinit$$00000019)
    __rt_lib_init_return                     0x08000223   Thumb Code     0  libinit2.o(.ARM.Collect$$libinit$$00000033)
    __rt_lib_init_signal_1                   0x08000223   Thumb Code     0  libinit2.o(.ARM.Collect$$libinit$$0000001D)
    __rt_lib_init_stdio_1                    0x08000223   Thumb Code     0  libinit2.o(.ARM.Collect$$libinit$$00000025)
    __rt_lib_shutdown                        0x08000225   Thumb Code     0  libshutdown.o(.ARM.Collect$$libshutdown$$00000000)
    __rt_lib_shutdown_cpp_1                  0x08000227   Thumb Code     0  libshutdown2.o(.ARM.Collect$$libshutdown$$00000004)
    __rt_lib_shutdown_fini_1                 0x08000227   Thumb Code     0  libshutdown2.o(.ARM.Collect$$libshutdown$$00000002)
    __rt_lib_shutdown_fp_trap_1              0x08000227   Thumb Code     0  libshutdown2.o(.ARM.Collect$$libshutdown$$00000009)
    __rt_lib_shutdown_heap_1                 0x08000227   Thumb Code     0  libshutdown2.o(.ARM.Collect$$libshutdown$$00000011)
    __rt_lib_shutdown_return                 0x08000227   Thumb Code     0  libshutdown2.o(.ARM.Collect$$libshutdown$$00000012)
    __rt_lib_shutdown_signal_1               0x08000227   Thumb Code     0  libshutdown2.o(.ARM.Collect$$libshutdown$$0000000C)
    __rt_lib_shutdown_stdio_1                0x08000227   Thumb Code     0  libshutdown2.o(.ARM.Collect$$libshutdown$$00000006)
    __rt_lib_shutdown_user_alloc_1           0x08000227   Thumb Code     0  libshutdown2.o(.ARM.Collect$$libshutdown$$0000000E)
    __rt_entry                               0x08000229   Thumb Code     0  __rtentry.o(.ARM.Collect$$rtentry$$00000000)
    __rt_entry_presh_1                       0x08000229   Thumb Code     0  __rtentry2.o(.ARM.Collect$$rtentry$$00000002)
    __rt_entry_sh                            0x08000229   Thumb Code     0  __rtentry4.o(.ARM.Collect$$rtentry$$00000004)
    __rt_entry_li                            0x0800022f   Thumb Code     0  __rtentry2.o(.ARM.Collect$$rtentry$$0000000A)
    __rt_entry_postsh_1                      0x0800022f   Thumb Code     0  __rtentry2.o(.ARM.Collect$$rtentry$$00000009)
    __rt_entry_main                          0x08000233   Thumb Code     0  __rtentry2.o(.ARM.Collect$$rtentry$$0000000D)
    __rt_entry_postli_1                      0x08000233   Thumb Code     0  __rtentry2.o(.ARM.Collect$$rtentry$$0000000C)
    __rt_exit                                0x0800023b   Thumb Code     0  rtexit.o(.ARM.Collect$$rtexit$$00000000)
    __rt_exit_ls                             0x0800023d   Thumb Code     0  rtexit2.o(.ARM.Collect$$rtexit$$00000003)
    __rt_exit_prels_1                        0x0800023d   Thumb Code     0  rtexit2.o(.ARM.Collect$$rtexit$$00000002)
    __rt_exit_exit                           0x08000241   Thumb Code     0  rtexit2.o(.ARM.Collect$$rtexit$$00000004)
    main                                     0x08000249   Thumb Code   506  main.o(.text)
    NMI_Handler                              0x080004bd   Thumb Code     2  stm32f4xx_it.o(.text)
    HardFault_Handler                        0x080004bf   Thumb Code     4  stm32f4xx_it.o(.text)
    MemManage_Handler                        0x080004c3   Thumb Code     4  stm32f4xx_it.o(.text)
    BusFault_Handler                         0x080004c7   Thumb Code     4  stm32f4xx_it.o(.text)
    UsageFault_Handler                       0x080004cb   Thumb Code     4  stm32f4xx_it.o(.text)
    SVC_Handler                              0x080004cf   Thumb Code     2  stm32f4xx_it.o(.text)
    DebugMon_Handler                         0x080004d1   Thumb Code     2  stm32f4xx_it.o(.text)
    PendSV_Handler                           0x080004d3   Thumb Code     2  stm32f4xx_it.o(.text)
    SystemInit                               0x080005b1   Thumb Code    88  system_stm32f4xx.o(.text)
    SystemCoreClockUpdate                    0x08000609   Thumb Code   174  system_stm32f4xx.o(.text)
    Reset_Handler                            0x080006e5   Thumb Code     8  startup_stm32f40_41xxx.o(.text)
    SysTick_Handler                          0x080006fd   Thumb Code     2  startup_stm32f40_41xxx.o(.text)
    ADC_IRQHandler                           0x080006ff   Thumb Code     0  startup_stm32f40_41xxx.o(.text)
    CAN1_RX0_IRQHandler                      0x080006ff   Thumb Code     0  startup_stm32f40_41xxx.o(.text)
    CAN1_RX1_IRQHandler                      0x080006ff   Thumb Code     0  startup_stm32f40_41xxx.o(.text)
    CAN1_SCE_IRQHandler                      0x080006ff   Thumb Code     0  startup_stm32f40_41xxx.o(.text)
    CAN1_TX_IRQHandler                       0x080006ff   Thumb Code     0  startup_stm32f40_41xxx.o(.text)
    CAN2_RX0_IRQHandler                      0x080006ff   Thumb Code     0  startup_stm32f40_41xxx.o(.text)
    CAN2_RX1_IRQHandler                      0x080006ff   Thumb Code     0  startup_stm32f40_41xxx.o(.text)
    CAN2_SCE_IRQHandler                      0x080006ff   Thumb Code     0  startup_stm32f40_41xxx.o(.text)
    CAN2_TX_IRQHandler                       0x080006ff   Thumb Code     0  startup_stm32f40_41xxx.o(.text)
    CRYP_IRQHandler                          0x080006ff   Thumb Code     0  startup_stm32f40_41xxx.o(.text)
    DCMI_IRQHandler                          0x080006ff   Thumb Code     0  startup_stm32f40_41xxx.o(.text)
    DMA1_Stream0_IRQHandler                  0x080006ff   Thumb Code     0  startup_stm32f40_41xxx.o(.text)
    DMA1_Stream1_IRQHandler                  0x080006ff   Thumb Code     0  startup_stm32f40_41xxx.o(.text)
    DMA1_Stream2_IRQHandler                  0x080006ff   Thumb Code     0  startup_stm32f40_41xxx.o(.text)
    DMA1_Stream3_IRQHandler                  0x080006ff   Thumb Code     0  startup_stm32f40_41xxx.o(.text)
    DMA1_Stream4_IRQHandler                  0x080006ff   Thumb Code     0  startup_stm32f40_41xxx.o(.text)
    DMA1_Stream5_IRQHandler                  0x080006ff   Thumb Code     0  startup_stm32f40_41xxx.o(.text)
    DMA1_Stream6_IRQHandler                  0x080006ff   Thumb Code     0  startup_stm32f40_41xxx.o(.text)
    DMA1_Stream7_IRQHandler                  0x080006ff   Thumb Code     0  startup_stm32f40_41xxx.o(.text)
    DMA2_Stream0_IRQHandler                  0x080006ff   Thumb Code     0  startup_stm32f40_41xxx.o(.text)
    DMA2_Stream1_IRQHandler                  0x080006ff   Thumb Code     0  startup_stm32f40_41xxx.o(.text)
    DMA2_Stream2_IRQHandler                  0x080006ff   Thumb Code     0  startup_stm32f40_41xxx.o(.text)
    DMA2_Stream3_IRQHandler                  0x080006ff   Thumb Code     0  startup_stm32f40_41xxx.o(.text)
    DMA2_Stream4_IRQHandler                  0x080006ff   Thumb Code     0  startup_stm32f40_41xxx.o(.text)
    DMA2_Stream5_IRQHandler                  0x080006ff   Thumb Code     0  startup_stm32f40_41xxx.o(.text)
    DMA2_Stream6_IRQHandler                  0x080006ff   Thumb Code     0  startup_stm32f40_41xxx.o(.text)
    DMA2_Stream7_IRQHandler                  0x080006ff   Thumb Code     0  startup_stm32f40_41xxx.o(.text)
    ETH_IRQHandler                           0x080006ff   Thumb Code     0  startup_stm32f40_41xxx.o(.text)
    ETH_WKUP_IRQHandler                      0x080006ff   Thumb Code     0  startup_stm32f40_41xxx.o(.text)
    EXTI0_IRQHandler                         0x080006ff   Thumb Code     0  startup_stm32f40_41xxx.o(.text)
    EXTI15_10_IRQHandler                     0x080006ff   Thumb Code     0  startup_stm32f40_41xxx.o(.text)
    EXTI1_IRQHandler                         0x080006ff   Thumb Code     0  startup_stm32f40_41xxx.o(.text)
    EXTI2_IRQHandler                         0x080006ff   Thumb Code     0  startup_stm32f40_41xxx.o(.text)
    EXTI3_IRQHandler                         0x080006ff   Thumb Code     0  startup_stm32f40_41xxx.o(.text)
    EXTI4_IRQHandler                         0x080006ff   Thumb Code     0  startup_stm32f40_41xxx.o(.text)
    EXTI9_5_IRQHandler                       0x080006ff   Thumb Code     0  startup_stm32f40_41xxx.o(.text)
    FLASH_IRQHandler                         0x080006ff   Thumb Code     0  startup_stm32f40_41xxx.o(.text)
    FPU_IRQHandler                           0x080006ff   Thumb Code     0  startup_stm32f40_41xxx.o(.text)
    FSMC_IRQHandler                          0x080006ff   Thumb Code     0  startup_stm32f40_41xxx.o(.text)
    HASH_RNG_IRQHandler                      0x080006ff   Thumb Code     0  startup_stm32f40_41xxx.o(.text)
    I2C1_ER_IRQHandler                       0x080006ff   Thumb Code     0  startup_stm32f40_41xxx.o(.text)
    I2C1_EV_IRQHandler                       0x080006ff   Thumb Code     0  startup_stm32f40_41xxx.o(.text)
    I2C2_ER_IRQHandler                       0x080006ff   Thumb Code     0  startup_stm32f40_41xxx.o(.text)
    I2C2_EV_IRQHandler                       0x080006ff   Thumb Code     0  startup_stm32f40_41xxx.o(.text)
    I2C3_ER_IRQHandler                       0x080006ff   Thumb Code     0  startup_stm32f40_41xxx.o(.text)
    I2C3_EV_IRQHandler                       0x080006ff   Thumb Code     0  startup_stm32f40_41xxx.o(.text)
    OTG_FS_IRQHandler                        0x080006ff   Thumb Code     0  startup_stm32f40_41xxx.o(.text)
    OTG_FS_WKUP_IRQHandler                   0x080006ff   Thumb Code     0  startup_stm32f40_41xxx.o(.text)
    OTG_HS_EP1_IN_IRQHandler                 0x080006ff   Thumb Code     0  startup_stm32f40_41xxx.o(.text)
    OTG_HS_EP1_OUT_IRQHandler                0x080006ff   Thumb Code     0  startup_stm32f40_41xxx.o(.text)
    OTG_HS_IRQHandler                        0x080006ff   Thumb Code     0  startup_stm32f40_41xxx.o(.text)
    OTG_HS_WKUP_IRQHandler                   0x080006ff   Thumb Code     0  startup_stm32f40_41xxx.o(.text)
    PVD_IRQHandler                           0x080006ff   Thumb Code     0  startup_stm32f40_41xxx.o(.text)
    RCC_IRQHandler                           0x080006ff   Thumb Code     0  startup_stm32f40_41xxx.o(.text)
    RTC_Alarm_IRQHandler                     0x080006ff   Thumb Code     0  startup_stm32f40_41xxx.o(.text)
    RTC_WKUP_IRQHandler                      0x080006ff   Thumb Code     0  startup_stm32f40_41xxx.o(.text)
    SDIO_IRQHandler                          0x080006ff   Thumb Code     0  startup_stm32f40_41xxx.o(.text)
    SPI1_IRQHandler                          0x080006ff   Thumb Code     0  startup_stm32f40_41xxx.o(.text)
    SPI2_IRQHandler                          0x080006ff   Thumb Code     0  startup_stm32f40_41xxx.o(.text)
    SPI3_IRQHandler                          0x080006ff   Thumb Code     0  startup_stm32f40_41xxx.o(.text)
    TAMP_STAMP_IRQHandler                    0x080006ff   Thumb Code     0  startup_stm32f40_41xxx.o(.text)
    TIM1_BRK_TIM9_IRQHandler                 0x080006ff   Thumb Code     0  startup_stm32f40_41xxx.o(.text)
    TIM1_CC_IRQHandler                       0x080006ff   Thumb Code     0  startup_stm32f40_41xxx.o(.text)
    TIM1_TRG_COM_TIM11_IRQHandler            0x080006ff   Thumb Code     0  startup_stm32f40_41xxx.o(.text)
    TIM1_UP_TIM10_IRQHandler                 0x080006ff   Thumb Code     0  startup_stm32f40_41xxx.o(.text)
    TIM2_IRQHandler                          0x080006ff   Thumb Code     0  startup_stm32f40_41xxx.o(.text)
    TIM3_IRQHandler                          0x080006ff   Thumb Code     0  startup_stm32f40_41xxx.o(.text)
    TIM4_IRQHandler                          0x080006ff   Thumb Code     0  startup_stm32f40_41xxx.o(.text)
    TIM5_IRQHandler                          0x080006ff   Thumb Code     0  startup_stm32f40_41xxx.o(.text)
    TIM6_DAC_IRQHandler                      0x080006ff   Thumb Code     0  startup_stm32f40_41xxx.o(.text)
    TIM8_BRK_TIM12_IRQHandler                0x080006ff   Thumb Code     0  startup_stm32f40_41xxx.o(.text)
    TIM8_CC_IRQHandler                       0x080006ff   Thumb Code     0  startup_stm32f40_41xxx.o(.text)
    TIM8_TRG_COM_TIM14_IRQHandler            0x080006ff   Thumb Code     0  startup_stm32f40_41xxx.o(.text)
    TIM8_UP_TIM13_IRQHandler                 0x080006ff   Thumb Code     0  startup_stm32f40_41xxx.o(.text)
    UART4_IRQHandler                         0x080006ff   Thumb Code     0  startup_stm32f40_41xxx.o(.text)
    UART5_IRQHandler                         0x080006ff   Thumb Code     0  startup_stm32f40_41xxx.o(.text)
    USART6_IRQHandler                        0x080006ff   Thumb Code     0  startup_stm32f40_41xxx.o(.text)
    WWDG_IRQHandler                          0x080006ff   Thumb Code     0  startup_stm32f40_41xxx.o(.text)
    __user_initial_stackheap                 0x08000701   Thumb Code     0  startup_stm32f40_41xxx.o(.text)
    NVIC_PriorityGroupConfig                 0x08000725   Thumb Code    10  misc.o(.text)
    NVIC_Init                                0x0800072f   Thumb Code   106  misc.o(.text)
    NVIC_SetVectorTable                      0x08000799   Thumb Code    14  misc.o(.text)
    NVIC_SystemLPConfig                      0x080007a7   Thumb Code    34  misc.o(.text)
    SysTick_CLKSourceConfig                  0x080007c9   Thumb Code    40  misc.o(.text)
    ADC_DeInit                               0x08000805   Thumb Code    22  stm32f4xx_adc.o(.text)
    ADC_Init                                 0x0800081b   Thumb Code    74  stm32f4xx_adc.o(.text)
    ADC_StructInit                           0x08000865   Thumb Code    20  stm32f4xx_adc.o(.text)
    ADC_CommonInit                           0x08000879   Thumb Code    34  stm32f4xx_adc.o(.text)
    ADC_CommonStructInit                     0x0800089b   Thumb Code    12  stm32f4xx_adc.o(.text)
    ADC_Cmd                                  0x080008a7   Thumb Code    22  stm32f4xx_adc.o(.text)
    ADC_AnalogWatchdogCmd                    0x080008bd   Thumb Code    16  stm32f4xx_adc.o(.text)
    ADC_AnalogWatchdogThresholdsConfig       0x080008cd   Thumb Code     6  stm32f4xx_adc.o(.text)
    ADC_AnalogWatchdogSingleChannelConfig    0x080008d3   Thumb Code    16  stm32f4xx_adc.o(.text)
    ADC_TempSensorVrefintCmd                 0x080008e3   Thumb Code    34  stm32f4xx_adc.o(.text)
    ADC_VBATCmd                              0x08000905   Thumb Code    34  stm32f4xx_adc.o(.text)
    ADC_RegularChannelConfig                 0x08000927   Thumb Code   184  stm32f4xx_adc.o(.text)
    ADC_SoftwareStartConv                    0x080009df   Thumb Code    10  stm32f4xx_adc.o(.text)
    ADC_GetSoftwareStartConvStatus           0x080009e9   Thumb Code    20  stm32f4xx_adc.o(.text)
    ADC_EOCOnEachRegularChannelCmd           0x080009fd   Thumb Code    22  stm32f4xx_adc.o(.text)
    ADC_ContinuousModeCmd                    0x08000a13   Thumb Code    22  stm32f4xx_adc.o(.text)
    ADC_DiscModeChannelCountConfig           0x08000a29   Thumb Code    24  stm32f4xx_adc.o(.text)
    ADC_DiscModeCmd                          0x08000a41   Thumb Code    22  stm32f4xx_adc.o(.text)
    ADC_GetConversionValue                   0x08000a57   Thumb Code     8  stm32f4xx_adc.o(.text)
    ADC_GetMultiModeConversionValue          0x08000a5f   Thumb Code     8  stm32f4xx_adc.o(.text)
    ADC_DMACmd                               0x08000a67   Thumb Code    22  stm32f4xx_adc.o(.text)
    ADC_DMARequestAfterLastTransferCmd       0x08000a7d   Thumb Code    22  stm32f4xx_adc.o(.text)
    ADC_MultiModeDMARequestAfterLastTransferCmd 0x08000a93   Thumb Code    34  stm32f4xx_adc.o(.text)
    ADC_InjectedChannelConfig                0x08000ab5   Thumb Code   130  stm32f4xx_adc.o(.text)
    ADC_InjectedSequencerLengthConfig        0x08000b37   Thumb Code    24  stm32f4xx_adc.o(.text)
    ADC_SetInjectedOffset                    0x08000b4f   Thumb Code    20  stm32f4xx_adc.o(.text)
    ADC_ExternalTrigInjectedConvConfig       0x08000b63   Thumb Code    16  stm32f4xx_adc.o(.text)
    ADC_ExternalTrigInjectedConvEdgeConfig   0x08000b73   Thumb Code    16  stm32f4xx_adc.o(.text)
    ADC_SoftwareStartInjectedConv            0x08000b83   Thumb Code    10  stm32f4xx_adc.o(.text)
    ADC_GetSoftwareStartInjectedConvCmdStatus 0x08000b8d   Thumb Code    20  stm32f4xx_adc.o(.text)
    ADC_AutoInjectedConvCmd                  0x08000ba1   Thumb Code    22  stm32f4xx_adc.o(.text)
    ADC_InjectedDiscModeCmd                  0x08000bb7   Thumb Code    22  stm32f4xx_adc.o(.text)
    ADC_GetInjectedConversionValue           0x08000bcd   Thumb Code    28  stm32f4xx_adc.o(.text)
    ADC_ITConfig                             0x08000be9   Thumb Code    56  stm32f4xx_adc.o(.text)
    ADC_GetFlagStatus                        0x08000c21   Thumb Code    18  stm32f4xx_adc.o(.text)
    ADC_ClearFlag                            0x08000c33   Thumb Code     6  stm32f4xx_adc.o(.text)
    ADC_GetITStatus                          0x08000c39   Thumb Code    38  stm32f4xx_adc.o(.text)
    ADC_ClearITPendingBit                    0x08000c5f   Thumb Code    10  stm32f4xx_adc.o(.text)
    DMA_DeInit                               0x08000c69   Thumb Code   324  stm32f4xx_dma.o(.text)
    DMA_Init                                 0x08000dad   Thumb Code    82  stm32f4xx_dma.o(.text)
    DMA_StructInit                           0x08000dff   Thumb Code    34  stm32f4xx_dma.o(.text)
    DMA_Cmd                                  0x08000e21   Thumb Code    22  stm32f4xx_dma.o(.text)
    DMA_PeriphIncOffsetSizeConfig            0x08000e37   Thumb Code    22  stm32f4xx_dma.o(.text)
    DMA_FlowControllerConfig                 0x08000e4d   Thumb Code    22  stm32f4xx_dma.o(.text)
    DMA_SetCurrDataCounter                   0x08000e63   Thumb Code     4  stm32f4xx_dma.o(.text)
    DMA_GetCurrDataCounter                   0x08000e67   Thumb Code     8  stm32f4xx_dma.o(.text)
    DMA_DoubleBufferModeConfig               0x08000e6f   Thumb Code    24  stm32f4xx_dma.o(.text)
    DMA_DoubleBufferModeCmd                  0x08000e87   Thumb Code    22  stm32f4xx_dma.o(.text)
    DMA_MemoryTargetConfig                   0x08000e9d   Thumb Code    10  stm32f4xx_dma.o(.text)
    DMA_GetCurrentMemoryTarget               0x08000ea7   Thumb Code    20  stm32f4xx_dma.o(.text)
    DMA_GetCmdStatus                         0x08000ebb   Thumb Code    20  stm32f4xx_dma.o(.text)
    DMA_GetFIFOStatus                        0x08000ecf   Thumb Code    12  stm32f4xx_dma.o(.text)
    DMA_GetFlagStatus                        0x08000edb   Thumb Code    56  stm32f4xx_dma.o(.text)
    DMA_ClearFlag                            0x08000f13   Thumb Code    40  stm32f4xx_dma.o(.text)
    DMA_ITConfig                             0x08000f3b   Thumb Code    58  stm32f4xx_dma.o(.text)
    DMA_GetITStatus                          0x08000f75   Thumb Code    84  stm32f4xx_dma.o(.text)
    DMA_ClearITPendingBit                    0x08000fc9   Thumb Code    40  stm32f4xx_dma.o(.text)
    GPIO_DeInit                              0x08001011   Thumb Code   268  stm32f4xx_gpio.o(.text)
    GPIO_Init                                0x0800111d   Thumb Code   144  stm32f4xx_gpio.o(.text)
    GPIO_StructInit                          0x080011ad   Thumb Code    18  stm32f4xx_gpio.o(.text)
    GPIO_PinLockConfig                       0x080011bf   Thumb Code    34  stm32f4xx_gpio.o(.text)
    GPIO_ReadInputDataBit                    0x080011e1   Thumb Code    18  stm32f4xx_gpio.o(.text)
    GPIO_ReadInputData                       0x080011f3   Thumb Code     8  stm32f4xx_gpio.o(.text)
    GPIO_ReadOutputDataBit                   0x080011fb   Thumb Code    18  stm32f4xx_gpio.o(.text)
    GPIO_ReadOutputData                      0x0800120d   Thumb Code     8  stm32f4xx_gpio.o(.text)
    GPIO_SetBits                             0x08001215   Thumb Code     4  stm32f4xx_gpio.o(.text)
    GPIO_ResetBits                           0x08001219   Thumb Code     4  stm32f4xx_gpio.o(.text)
    GPIO_WriteBit                            0x0800121d   Thumb Code    10  stm32f4xx_gpio.o(.text)
    GPIO_Write                               0x08001227   Thumb Code     4  stm32f4xx_gpio.o(.text)
    GPIO_ToggleBits                          0x0800122b   Thumb Code     8  stm32f4xx_gpio.o(.text)
    GPIO_PinAFConfig                         0x08001233   Thumb Code    70  stm32f4xx_gpio.o(.text)
    RCC_DeInit                               0x080012a5   Thumb Code    82  stm32f4xx_rcc.o(.text)
    RCC_HSEConfig                            0x080012f7   Thumb Code    14  stm32f4xx_rcc.o(.text)
    RCC_GetFlagStatus                        0x08001305   Thumb Code    60  stm32f4xx_rcc.o(.text)
    RCC_WaitForHSEStartUp                    0x08001341   Thumb Code    56  stm32f4xx_rcc.o(.text)
    RCC_AdjustHSICalibrationValue            0x08001379   Thumb Code    20  stm32f4xx_rcc.o(.text)
    RCC_HSICmd                               0x0800138d   Thumb Code     6  stm32f4xx_rcc.o(.text)
    RCC_LSEConfig                            0x08001393   Thumb Code    46  stm32f4xx_rcc.o(.text)
    RCC_LSICmd                               0x080013c1   Thumb Code     6  stm32f4xx_rcc.o(.text)
    RCC_PLLConfig                            0x080013c7   Thumb Code    32  stm32f4xx_rcc.o(.text)
    RCC_PLLCmd                               0x080013e7   Thumb Code     6  stm32f4xx_rcc.o(.text)
    RCC_PLLI2SConfig                         0x080013ed   Thumb Code    14  stm32f4xx_rcc.o(.text)
    RCC_PLLI2SCmd                            0x080013fb   Thumb Code     6  stm32f4xx_rcc.o(.text)
    RCC_PLLSAIConfig                         0x08001401   Thumb Code    20  stm32f4xx_rcc.o(.text)
    RCC_PLLSAICmd                            0x08001415   Thumb Code     6  stm32f4xx_rcc.o(.text)
    RCC_ClockSecuritySystemCmd               0x0800141b   Thumb Code     6  stm32f4xx_rcc.o(.text)
    RCC_MCO1Config                           0x08001421   Thumb Code    28  stm32f4xx_rcc.o(.text)
    RCC_MCO2Config                           0x0800143d   Thumb Code    28  stm32f4xx_rcc.o(.text)
    RCC_SYSCLKConfig                         0x08001459   Thumb Code    20  stm32f4xx_rcc.o(.text)
    RCC_GetSYSCLKSource                      0x0800146d   Thumb Code    12  stm32f4xx_rcc.o(.text)
    RCC_HCLKConfig                           0x08001479   Thumb Code    20  stm32f4xx_rcc.o(.text)
    RCC_PCLK1Config                          0x0800148d   Thumb Code    20  stm32f4xx_rcc.o(.text)
    RCC_PCLK2Config                          0x080014a1   Thumb Code    22  stm32f4xx_rcc.o(.text)
    RCC_GetClocksFreq                        0x080014b7   Thumb Code   222  stm32f4xx_rcc.o(.text)
    RCC_RTCCLKConfig                         0x08001595   Thumb Code    54  stm32f4xx_rcc.o(.text)
    RCC_RTCCLKCmd                            0x080015cb   Thumb Code     8  stm32f4xx_rcc.o(.text)
    RCC_BackupResetCmd                       0x080015d3   Thumb Code     8  stm32f4xx_rcc.o(.text)
    RCC_I2SCLKConfig                         0x080015db   Thumb Code     6  stm32f4xx_rcc.o(.text)
    RCC_SAIPLLI2SClkDivConfig                0x080015e1   Thumb Code    26  stm32f4xx_rcc.o(.text)
    RCC_SAIPLLSAIClkDivConfig                0x080015fb   Thumb Code    28  stm32f4xx_rcc.o(.text)
    RCC_SAIBlockACLKConfig                   0x08001617   Thumb Code    20  stm32f4xx_rcc.o(.text)
    RCC_SAIBlockBCLKConfig                   0x0800162b   Thumb Code    20  stm32f4xx_rcc.o(.text)
    RCC_LTDCCLKDivConfig                     0x0800163f   Thumb Code    20  stm32f4xx_rcc.o(.text)
    RCC_TIMCLKPresConfig                     0x08001653   Thumb Code     6  stm32f4xx_rcc.o(.text)
    RCC_AHB1PeriphClockCmd                   0x08001659   Thumb Code    34  stm32f4xx_rcc.o(.text)
    RCC_AHB2PeriphClockCmd                   0x0800167b   Thumb Code    78  stm32f4xx_rcc.o(.text)
    RCC_AHB3PeriphClockCmd                   0x080016c9   Thumb Code    34  stm32f4xx_rcc.o(.text)
    RCC_APB1PeriphClockCmd                   0x080016eb   Thumb Code    34  stm32f4xx_rcc.o(.text)
    RCC_APB2PeriphClockCmd                   0x0800170d   Thumb Code    34  stm32f4xx_rcc.o(.text)
    RCC_AHB1PeriphResetCmd                   0x0800172f   Thumb Code    34  stm32f4xx_rcc.o(.text)
    RCC_AHB2PeriphResetCmd                   0x08001751   Thumb Code    34  stm32f4xx_rcc.o(.text)
    RCC_AHB3PeriphResetCmd                   0x08001773   Thumb Code    34  stm32f4xx_rcc.o(.text)
    RCC_APB1PeriphResetCmd                   0x08001795   Thumb Code    34  stm32f4xx_rcc.o(.text)
    RCC_APB2PeriphResetCmd                   0x080017b7   Thumb Code    34  stm32f4xx_rcc.o(.text)
    RCC_AHB1PeriphClockLPModeCmd             0x080017d9   Thumb Code    34  stm32f4xx_rcc.o(.text)
    RCC_AHB2PeriphClockLPModeCmd             0x080017fb   Thumb Code    34  stm32f4xx_rcc.o(.text)
    RCC_AHB3PeriphClockLPModeCmd             0x0800181d   Thumb Code    34  stm32f4xx_rcc.o(.text)
    RCC_APB1PeriphClockLPModeCmd             0x0800183f   Thumb Code    34  stm32f4xx_rcc.o(.text)
    RCC_APB2PeriphClockLPModeCmd             0x08001861   Thumb Code    34  stm32f4xx_rcc.o(.text)
    RCC_LSEModeConfig                        0x08001883   Thumb Code    40  stm32f4xx_rcc.o(.text)
    RCC_ITConfig                             0x080018ab   Thumb Code    34  stm32f4xx_rcc.o(.text)
    RCC_ClearFlag                            0x080018cd   Thumb Code    18  stm32f4xx_rcc.o(.text)
    RCC_GetITStatus                          0x080018df   Thumb Code    22  stm32f4xx_rcc.o(.text)
    RCC_ClearITPendingBit                    0x080018f5   Thumb Code     8  stm32f4xx_rcc.o(.text)
    TIM_DeInit                               0x08001901   Thumb Code   346  stm32f4xx_tim.o(.text)
    TIM_TimeBaseInit                         0x08001a5b   Thumb Code   104  stm32f4xx_tim.o(.text)
    TIM_TimeBaseStructInit                   0x08001ac3   Thumb Code    18  stm32f4xx_tim.o(.text)
    TIM_PrescalerConfig                      0x08001ad5   Thumb Code     6  stm32f4xx_tim.o(.text)
    TIM_CounterModeConfig                    0x08001adb   Thumb Code    18  stm32f4xx_tim.o(.text)
    TIM_SetCounter                           0x08001aed   Thumb Code     4  stm32f4xx_tim.o(.text)
    TIM_SetAutoreload                        0x08001af1   Thumb Code     4  stm32f4xx_tim.o(.text)
    TIM_GetCounter                           0x08001af5   Thumb Code     6  stm32f4xx_tim.o(.text)
    TIM_GetPrescaler                         0x08001afb   Thumb Code     6  stm32f4xx_tim.o(.text)
    TIM_UpdateDisableConfig                  0x08001b01   Thumb Code    24  stm32f4xx_tim.o(.text)
    TIM_UpdateRequestConfig                  0x08001b19   Thumb Code    24  stm32f4xx_tim.o(.text)
    TIM_ARRPreloadConfig                     0x08001b31   Thumb Code    24  stm32f4xx_tim.o(.text)
    TIM_SelectOnePulseMode                   0x08001b49   Thumb Code    18  stm32f4xx_tim.o(.text)
    TIM_SetClockDivision                     0x08001b5b   Thumb Code    18  stm32f4xx_tim.o(.text)
    TIM_Cmd                                  0x08001b6d   Thumb Code    24  stm32f4xx_tim.o(.text)
    TIM_OC1Init                              0x08001b85   Thumb Code   114  stm32f4xx_tim.o(.text)
    TIM_OC2Init                              0x08001bf7   Thumb Code   154  stm32f4xx_tim.o(.text)
    TIM_OC3Init                              0x08001c91   Thumb Code   204  stm32f4xx_tim.o(.text)
    TIM_OC4Init                              0x08001d5d   Thumb Code   112  stm32f4xx_tim.o(.text)
    TIM_OCStructInit                         0x08001dcd   Thumb Code    20  stm32f4xx_tim.o(.text)
    TIM_SelectOCxM                           0x08001de1   Thumb Code    86  stm32f4xx_tim.o(.text)
    TIM_SetCompare1                          0x08001e37   Thumb Code     4  stm32f4xx_tim.o(.text)
    TIM_SetCompare2                          0x08001e3b   Thumb Code     4  stm32f4xx_tim.o(.text)
    TIM_SetCompare3                          0x08001e3f   Thumb Code     4  stm32f4xx_tim.o(.text)
    TIM_SetCompare4                          0x08001e43   Thumb Code     4  stm32f4xx_tim.o(.text)
    TIM_ForcedOC1Config                      0x08001e47   Thumb Code    18  stm32f4xx_tim.o(.text)
    TIM_ForcedOC2Config                      0x08001e59   Thumb Code    26  stm32f4xx_tim.o(.text)
    TIM_ForcedOC3Config                      0x08001e73   Thumb Code    18  stm32f4xx_tim.o(.text)
    TIM_ForcedOC4Config                      0x08001e85   Thumb Code    26  stm32f4xx_tim.o(.text)
    TIM_OC1PreloadConfig                     0x08001e9f   Thumb Code    18  stm32f4xx_tim.o(.text)
    TIM_OC2PreloadConfig                     0x08001eb1   Thumb Code    26  stm32f4xx_tim.o(.text)
    TIM_OC3PreloadConfig                     0x08001ecb   Thumb Code    18  stm32f4xx_tim.o(.text)
    TIM_OC4PreloadConfig                     0x08001edd   Thumb Code    26  stm32f4xx_tim.o(.text)
    TIM_OC1FastConfig                        0x08001ef7   Thumb Code    18  stm32f4xx_tim.o(.text)
    TIM_OC2FastConfig                        0x08001f09   Thumb Code    26  stm32f4xx_tim.o(.text)
    TIM_OC3FastConfig                        0x08001f23   Thumb Code    18  stm32f4xx_tim.o(.text)
    TIM_OC4FastConfig                        0x08001f35   Thumb Code    26  stm32f4xx_tim.o(.text)
    TIM_ClearOC1Ref                          0x08001f4f   Thumb Code    18  stm32f4xx_tim.o(.text)
    TIM_ClearOC2Ref                          0x08001f61   Thumb Code    24  stm32f4xx_tim.o(.text)
    TIM_ClearOC3Ref                          0x08001f79   Thumb Code    18  stm32f4xx_tim.o(.text)
    TIM_ClearOC4Ref                          0x08001f8b   Thumb Code    24  stm32f4xx_tim.o(.text)
    TIM_OC1PolarityConfig                    0x08001fa3   Thumb Code    18  stm32f4xx_tim.o(.text)
    TIM_OC1NPolarityConfig                   0x08001fb5   Thumb Code    18  stm32f4xx_tim.o(.text)
    TIM_OC2PolarityConfig                    0x08001fc7   Thumb Code    26  stm32f4xx_tim.o(.text)
    TIM_OC2NPolarityConfig                   0x08001fe1   Thumb Code    26  stm32f4xx_tim.o(.text)
    TIM_OC3PolarityConfig                    0x08001ffb   Thumb Code    26  stm32f4xx_tim.o(.text)
    TIM_OC3NPolarityConfig                   0x08002015   Thumb Code    26  stm32f4xx_tim.o(.text)
    TIM_OC4PolarityConfig                    0x0800202f   Thumb Code    26  stm32f4xx_tim.o(.text)
    TIM_CCxCmd                               0x08002049   Thumb Code    30  stm32f4xx_tim.o(.text)
    TIM_CCxNCmd                              0x08002067   Thumb Code    30  stm32f4xx_tim.o(.text)
    TIM_SetIC4Prescaler                      0x08002085   Thumb Code    26  stm32f4xx_tim.o(.text)
    TIM_SetIC3Prescaler                      0x080020ef   Thumb Code    18  stm32f4xx_tim.o(.text)
    TIM_SetIC2Prescaler                      0x08002149   Thumb Code    26  stm32f4xx_tim.o(.text)
    TIM_SetIC1Prescaler                      0x080021bd   Thumb Code    18  stm32f4xx_tim.o(.text)
    TIM_ICInit                               0x08002209   Thumb Code   110  stm32f4xx_tim.o(.text)
    TIM_ICStructInit                         0x08002277   Thumb Code    18  stm32f4xx_tim.o(.text)
    TIM_PWMIConfig                           0x08002289   Thumb Code   124  stm32f4xx_tim.o(.text)
    TIM_GetCapture1                          0x08002305   Thumb Code     6  stm32f4xx_tim.o(.text)
    TIM_GetCapture2                          0x0800230b   Thumb Code     6  stm32f4xx_tim.o(.text)
    TIM_GetCapture3                          0x08002311   Thumb Code     6  stm32f4xx_tim.o(.text)
    TIM_GetCapture4                          0x08002317   Thumb Code     6  stm32f4xx_tim.o(.text)
    TIM_BDTRConfig                           0x0800231d   Thumb Code    32  stm32f4xx_tim.o(.text)
    TIM_BDTRStructInit                       0x0800233d   Thumb Code    18  stm32f4xx_tim.o(.text)
    TIM_CtrlPWMOutputs                       0x0800234f   Thumb Code    30  stm32f4xx_tim.o(.text)
    TIM_SelectCOM                            0x0800236d   Thumb Code    24  stm32f4xx_tim.o(.text)
    TIM_CCPreloadControl                     0x08002385   Thumb Code    24  stm32f4xx_tim.o(.text)
    TIM_ITConfig                             0x0800239d   Thumb Code    18  stm32f4xx_tim.o(.text)
    TIM_GenerateEvent                        0x080023af   Thumb Code     4  stm32f4xx_tim.o(.text)
    TIM_GetFlagStatus                        0x080023b3   Thumb Code    18  stm32f4xx_tim.o(.text)
    TIM_ClearFlag                            0x080023c5   Thumb Code     6  stm32f4xx_tim.o(.text)
    TIM_GetITStatus                          0x080023cb   Thumb Code    34  stm32f4xx_tim.o(.text)
    TIM_ClearITPendingBit                    0x080023ed   Thumb Code     6  stm32f4xx_tim.o(.text)
    TIM_DMAConfig                            0x080023f3   Thumb Code    10  stm32f4xx_tim.o(.text)
    TIM_DMACmd                               0x080023fd   Thumb Code    18  stm32f4xx_tim.o(.text)
    TIM_SelectCCDMA                          0x0800240f   Thumb Code    24  stm32f4xx_tim.o(.text)
    TIM_InternalClockConfig                  0x08002427   Thumb Code    12  stm32f4xx_tim.o(.text)
    TIM_SelectInputTrigger                   0x08002433   Thumb Code    18  stm32f4xx_tim.o(.text)
    TIM_ITRxExternalClockConfig              0x08002445   Thumb Code    24  stm32f4xx_tim.o(.text)
    TIM_TIxExternalClockConfig               0x0800245d   Thumb Code    62  stm32f4xx_tim.o(.text)
    TIM_ETRConfig                            0x0800249b   Thumb Code    28  stm32f4xx_tim.o(.text)
    TIM_ETRClockMode1Config                  0x080024b7   Thumb Code    54  stm32f4xx_tim.o(.text)
    TIM_ETRClockMode2Config                  0x080024ed   Thumb Code    32  stm32f4xx_tim.o(.text)
    TIM_SelectOutputTrigger                  0x0800250d   Thumb Code    18  stm32f4xx_tim.o(.text)
    TIM_SelectSlaveMode                      0x0800251f   Thumb Code    18  stm32f4xx_tim.o(.text)
    TIM_SelectMasterSlaveMode                0x08002531   Thumb Code    18  stm32f4xx_tim.o(.text)
    TIM_EncoderInterfaceConfig               0x08002543   Thumb Code    66  stm32f4xx_tim.o(.text)
    TIM_SelectHallSensor                     0x08002585   Thumb Code    24  stm32f4xx_tim.o(.text)
    TIM_RemapConfig                          0x0800259d   Thumb Code     6  stm32f4xx_tim.o(.text)
    USART_DeInit                             0x080025a5   Thumb Code   206  stm32f4xx_usart.o(.text)
    USART_Init                               0x08002673   Thumb Code   204  stm32f4xx_usart.o(.text)
    USART_StructInit                         0x0800273f   Thumb Code    24  stm32f4xx_usart.o(.text)
    USART_ClockInit                          0x08002757   Thumb Code    32  stm32f4xx_usart.o(.text)
    USART_ClockStructInit                    0x08002777   Thumb Code    12  stm32f4xx_usart.o(.text)
    USART_Cmd                                0x08002783   Thumb Code    24  stm32f4xx_usart.o(.text)
    USART_SetPrescaler                       0x0800279b   Thumb Code    16  stm32f4xx_usart.o(.text)
    USART_OverSampling8Cmd                   0x080027ab   Thumb Code    22  stm32f4xx_usart.o(.text)
    USART_OneBitMethodCmd                    0x080027c1   Thumb Code    24  stm32f4xx_usart.o(.text)
    USART_SendData                           0x080027d9   Thumb Code     8  stm32f4xx_usart.o(.text)
    USART_ReceiveData                        0x080027e1   Thumb Code    10  stm32f4xx_usart.o(.text)
    USART_SetAddress                         0x080027eb   Thumb Code    18  stm32f4xx_usart.o(.text)
    USART_ReceiverWakeUpCmd                  0x080027fd   Thumb Code    24  stm32f4xx_usart.o(.text)
    USART_WakeUpConfig                       0x08002815   Thumb Code    18  stm32f4xx_usart.o(.text)
    USART_LINBreakDetectLengthConfig         0x08002827   Thumb Code    18  stm32f4xx_usart.o(.text)
    USART_LINCmd                             0x08002839   Thumb Code    24  stm32f4xx_usart.o(.text)
    USART_SendBreak                          0x08002851   Thumb Code    10  stm32f4xx_usart.o(.text)
    USART_HalfDuplexCmd                      0x0800285b   Thumb Code    24  stm32f4xx_usart.o(.text)
    USART_SetGuardTime                       0x08002873   Thumb Code    16  stm32f4xx_usart.o(.text)
    USART_SmartCardCmd                       0x08002883   Thumb Code    24  stm32f4xx_usart.o(.text)
    USART_SmartCardNACKCmd                   0x0800289b   Thumb Code    24  stm32f4xx_usart.o(.text)
    USART_IrDAConfig                         0x080028b3   Thumb Code    18  stm32f4xx_usart.o(.text)
    USART_IrDACmd                            0x080028c5   Thumb Code    24  stm32f4xx_usart.o(.text)
    USART_DMACmd                             0x080028dd   Thumb Code    18  stm32f4xx_usart.o(.text)
    USART_ITConfig                           0x080028ef   Thumb Code    74  stm32f4xx_usart.o(.text)
    USART_GetFlagStatus                      0x08002939   Thumb Code    26  stm32f4xx_usart.o(.text)
    USART_ClearFlag                          0x08002953   Thumb Code    18  stm32f4xx_usart.o(.text)
    USART_GetITStatus                        0x08002965   Thumb Code   118  stm32f4xx_usart.o(.text)
    USART_ClearITPendingBit                  0x080029db   Thumb Code    30  stm32f4xx_usart.o(.text)
    delay_init                               0x080029f9   Thumb Code    52  delay.o(.text)
    delay_us                                 0x08002a2d   Thumb Code    72  delay.o(.text)
    delay_xms                                0x08002a75   Thumb Code    72  delay.o(.text)
    delay_ms                                 0x08002abd   Thumb Code    56  delay.o(.text)
    _sys_exit                                0x08002afd   Thumb Code     4  usart.o(.text)
    fputc                                    0x08002b01   Thumb Code    22  usart.o(.text)
    uart_init                                0x08002b17   Thumb Code   164  usart.o(.text)
    USART1_IRQHandler                        0x08002bbb   Thumb Code   122  usart.o(.text)
    OLED_WR_Byte                             0x08002c45   Thumb Code   126  oled.o(.text)
    OLED_ColorTurn                           0x08002cc3   Thumb Code    28  oled.o(.text)
    OLED_DisplayTurn                         0x08002cdf   Thumb Code    44  oled.o(.text)
    OLED_DisPlay_On                          0x08002d0b   Thumb Code    28  oled.o(.text)
    OLED_DisPlay_Off                         0x08002d27   Thumb Code    28  oled.o(.text)
    OLED_Refresh                             0x08002d43   Thumb Code    70  oled.o(.text)
    OLED_Clear                               0x08002d89   Thumb Code    42  oled.o(.text)
    OLED_DrawPoint                           0x08002db3   Thumb Code   114  oled.o(.text)
    OLED_DrawLine                            0x08002e25   Thumb Code   172  oled.o(.text)
    OLED_DrawCircle                          0x08002ed1   Thumb Code   168  oled.o(.text)
    OLED_ShowChar                            0x08002f79   Thumb Code   330  oled.o(.text)
    OLED_ShowString                          0x080030c3   Thumb Code    78  oled.o(.text)
    OLED_Pow                                 0x08003111   Thumb Code    22  oled.o(.text)
    OLED_ShowNum                             0x08003127   Thumb Code   140  oled.o(.text)
    OLED_ShowSNum                            0x080031b3   Thumb Code   208  oled.o(.text)
    OLED_ShowFNum                            0x08003283   Thumb Code   208  oled.o(.text)
    OLED_ShowChinese                         0x08003353   Thumb Code   244  oled.o(.text)
    OLED_ScrollDisplay                       0x08003447   Thumb Code   168  oled.o(.text)
    OLED_ShowPicture                         0x080034ef   Thumb Code   214  oled.o(.text)
    OLED_Init                                0x080035c5   Thumb Code   352  oled.o(.text)
    Adc_Init                                 0x08003741   Thumb Code   232  adc.o(.text)
    DMA_Config                               0x08003829   Thumb Code    94  adc.o(.text)
    Timer8_PWM_Init                          0x0800389d   Thumb Code   268  motor.o(.text)
    Timer1_PWM_Init                          0x080039a9   Thumb Code   314  motor.o(.text)
    Motor_Init                               0x08003ae3   Thumb Code    24  motor.o(.text)
    PWM_Load                                 0x08003afb   Thumb Code   346  motor.o(.text)
    PID_Init                                 0x08003c79   Thumb Code   206  pid.o(.text)
    PID_Calculate                            0x08003d47   Thumb Code   234  pid.o(.text)
    X_PID_SET                                0x08003e31   Thumb Code    16  pid.o(.text)
    Y_PID_SET                                0x08003e41   Thumb Code    16  pid.o(.text)
    Z_PID_SET                                0x08003e51   Thumb Code    16  pid.o(.text)
    PID_Update                               0x08003e61   Thumb Code    38  pid.o(.text)
    TIM7_Int_Init                            0x08003ea5   Thumb Code    84  timer.o(.text)
    TIM7_IRQHandler                          0x08003ef9   Thumb Code   460  timer.o(.text)
    TOF10120_Init                            0x08004115   Thumb Code    64  tof.o(.text)
    TOF10120_GetData                         0x08004155   Thumb Code   280  tof.o(.text)
    TOF10120_USART_ReceiveData               0x0800426d   Thumb Code   146  tof.o(.text)
    USART2_SendData                          0x08004321   Thumb Code    22  usart2.o(.text)
    USART2_SendString                        0x08004337   Thumb Code    28  usart2.o(.text)
    uart2_init                               0x08004353   Thumb Code   170  usart2.o(.text)
    usart_send                               0x080043fd   Thumb Code    62  usart2.o(.text)
    Usart2_SendByte                          0x0800443b   Thumb Code    28  usart2.o(.text)
    Usart2_SendString                        0x08004457   Thumb Code    38  usart2.o(.text)
    Send_Data_To_USART2                      0x0800447d   Thumb Code    22  usart2.o(.text)
    USART2_IRQHandler                        0x08004493   Thumb Code    20  usart2.o(.text)
    Get_JY61P                                0x080044b1   Thumb Code   284  jy61p.o(.text)
    usart3_init                              0x080045ed   Thumb Code   166  usart3.o(.text)
    USART3_IRQHandler                        0x08004693   Thumb Code    44  usart3.o(.text)
    Kalman_Init                              0x080046c9   Thumb Code    58  kalman.o(.text)
    KalmanFilter                             0x08004703   Thumb Code    98  kalman.o(.text)
    __use_no_semihosting                     0x08004771   Thumb Code     2  use_no_semi_2.o(.text)
    __2printf                                0x08004775   Thumb Code    20  noretval__2printf.o(.text)
    __printf                                 0x0800478d   Thumb Code   104  __printf.o(.text)
    _printf_int_dec                          0x080047f5   Thumb Code   104  _printf_dec.o(.text)
    __use_two_region_memory                  0x0800486d   Thumb Code     2  heapauxi.o(.text)
    __rt_heap_escrow$2region                 0x0800486f   Thumb Code     2  heapauxi.o(.text)
    __rt_heap_expand$2region                 0x08004871   Thumb Code     2  heapauxi.o(.text)
    __I$use$semihosting                      0x08004873   Thumb Code     0  use_no_semi.o(.text)
    __use_no_semihosting_swi                 0x08004873   Thumb Code     2  use_no_semi.o(.text)
    _printf_int_common                       0x08004875   Thumb Code   178  _printf_intcommon.o(.text)
    __lib_sel_fp_printf                      0x08004927   Thumb Code     2  _printf_fp_dec.o(.text)
    _printf_fp_dec_real                      0x08004ad9   Thumb Code   620  _printf_fp_dec.o(.text)
    _printf_char_file                        0x08004d45   Thumb Code    32  _printf_char_file.o(.text)
    __rt_locale                              0x08004d69   Thumb Code     8  rt_locale_intlibspace.o(.text)
    _ll_udiv10                               0x08004d71   Thumb Code   138  lludiv10.o(.text)
    _printf_char_common                      0x08004e07   Thumb Code    32  _printf_char_common.o(.text)
    _printf_fp_infnan                        0x08004e2d   Thumb Code   112  _printf_fp_infnan.o(.text)
    _btod_etento                             0x08004ead   Thumb Code   224  bigflt0.o(.text)
    ferror                                   0x08004f91   Thumb Code     8  ferror.o(.text)
    __user_libspace                          0x08004f99   Thumb Code     8  libspace.o(.text)
    __user_perproc_libspace                  0x08004f99   Thumb Code     0  libspace.o(.text)
    __user_perthread_libspace                0x08004f99   Thumb Code     0  libspace.o(.text)
    __user_setup_stackheap                   0x08004fa1   Thumb Code    74  sys_stackheap_outer.o(.text)
    exit                                     0x08004feb   Thumb Code    18  exit.o(.text)
    strcmp                                   0x08004ffd   Thumb Code   128  strcmpv7m.o(.text)
    _btod_d2e                                0x0800507d   Thumb Code    62  btod.o(CL$$btod_d2e)
    _d2e_denorm_low                          0x080050bb   Thumb Code    70  btod.o(CL$$btod_d2e_denorm_low)
    _d2e_norm_op1                            0x08005101   Thumb Code    96  btod.o(CL$$btod_d2e_norm_op1)
    __btod_div_common                        0x08005161   Thumb Code   696  btod.o(CL$$btod_div_common)
    _e2e                                     0x08005499   Thumb Code   220  btod.o(CL$$btod_e2e)
    _btod_ediv                               0x08005575   Thumb Code    42  btod.o(CL$$btod_ediv)
    _btod_emul                               0x0800559f   Thumb Code    42  btod.o(CL$$btod_emul)
    __btod_mult_common                       0x080055c9   Thumb Code   580  btod.o(CL$$btod_mult_common)
    __ARM_fpclassify                         0x0800580d   Thumb Code    48  fpclassify.o(i.__ARM_fpclassify)
    _get_lc_numeric                          0x0800583d   Thumb Code    44  lc_numeric_c.o(locale$$code)
    __aeabi_dadd                             0x08005869   Thumb Code     0  daddsub_clz.o(x$fpl$dadd)
    _dadd                                    0x08005869   Thumb Code   332  daddsub_clz.o(x$fpl$dadd)
    __aeabi_d2uiz                            0x080059b9   Thumb Code     0  dfixu.o(x$fpl$dfixu)
    _dfixu                                   0x080059b9   Thumb Code    90  dfixu.o(x$fpl$dfixu)
    __aeabi_ui2d                             0x08005a13   Thumb Code     0  dflt_clz.o(x$fpl$dfltu)
    _dfltu                                   0x08005a13   Thumb Code    38  dflt_clz.o(x$fpl$dfltu)
    __aeabi_dmul                             0x08005a39   Thumb Code     0  dmul.o(x$fpl$dmul)
    _dmul                                    0x08005a39   Thumb Code   332  dmul.o(x$fpl$dmul)
    __fpl_dnaninf                            0x08005b8d   Thumb Code   156  dnaninf.o(x$fpl$dnaninf)
    __fpl_dretinf                            0x08005c29   Thumb Code    12  dretinf.o(x$fpl$dretinf)
    __aeabi_dsub                             0x08005c35   Thumb Code     0  daddsub_clz.o(x$fpl$dsub)
    _dsub                                    0x08005c35   Thumb Code   464  daddsub_clz.o(x$fpl$dsub)
    __aeabi_f2d                              0x08005e09   Thumb Code     0  f2d.o(x$fpl$f2d)
    _f2d                                     0x08005e09   Thumb Code    86  f2d.o(x$fpl$f2d)
    __fpl_fnaninf                            0x08005e5f   Thumb Code   140  fnaninf.o(x$fpl$fnaninf)
    _fp_init                                 0x08005eeb   Thumb Code    10  fpinit.o(x$fpl$fpinit)
    __fplib_config_fpu_vfp                   0x08005ef3   Thumb Code     0  fpinit.o(x$fpl$fpinit)
    __fplib_config_pureend_doubles           0x08005ef3   Thumb Code     0  fpinit.o(x$fpl$fpinit)
    _printf_fp_dec                           0x08005ef5   Thumb Code     4  printf1.o(x$fpl$printf1)
    __I$use$fp                               0x08005ef8   Number         0  usenofp.o(x$fpl$usenofp)
    asc2_0806                                0x08005ef8   Data         552  oled.o(.constdata)
    asc2_1206                                0x08006120   Data        1140  oled.o(.constdata)
    asc2_1608                                0x08006594   Data        1520  oled.o(.constdata)
    asc2_2412                                0x08006b84   Data        3420  oled.o(.constdata)
    Hzk1                                     0x080078e0   Data         352  oled.o(.constdata)
    Hzk2                                     0x08007a40   Data          72  oled.o(.constdata)
    Hzk3                                     0x08007a88   Data         128  oled.o(.constdata)
    Hzk4                                     0x08007b08   Data         512  oled.o(.constdata)
    Region$$Table$$Base                      0x08007d9c   Number         0  anon$$obj.o(Region$$Table)
    Region$$Table$$Limit                     0x08007dbc   Number         0  anon$$obj.o(Region$$Table)
    SystemCoreClock                          0x20000000   Data           4  system_stm32f4xx.o(.data)
    AHBPrescTable                            0x20000004   Data          16  system_stm32f4xx.o(.data)
    __stdout                                 0x20000028   Data           4  usart.o(.data)
    USART_RX_STA                             0x2000002c   Data           2  usart.o(.data)
    motor_A                                  0x2000002e   Data          10  motor.o(.data)
    motor_B                                  0x20000038   Data          10  motor.o(.data)
    motor_C                                  0x20000042   Data          10  motor.o(.data)
    motor_D                                  0x2000004c   Data          10  motor.o(.data)
    X_Set                                    0x20000058   Data           4  pid.o(.data)
    Y_Set                                    0x2000005c   Data           4  pid.o(.data)
    Z_Set                                    0x20000060   Data           4  pid.o(.data)
    X_PID_OUT                                0x20000064   Data           4  pid.o(.data)
    Y_PID_OUT                                0x20000068   Data           4  pid.o(.data)
    Z_PID_OUT                                0x2000006c   Data           4  pid.o(.data)
    Pid_calculate_Flag                       0x20000070   Data           1  timer.o(.data)
    ADC_Old_Values                           0x20000072   Data           6  timer.o(.data)
    ADC_Low_Values                           0x20000078   Data           6  timer.o(.data)
    rxempty                                  0x20000080   Data           1  tof.o(.data)
    rxcnt                                    0x20000081   Data           1  tof.o(.data)
    rxflag                                   0x20000082   Data           1  tof.o(.data)
    waitflag                                 0x20000083   Data           1  tof.o(.data)
    length_val                               0x20000084   Data           2  tof.o(.data)
    timeout                                  0x20000088   Data           4  tof.o(.data)
    USART_RX_BUF                             0x20000090   Data         200  usart.o(.bss)
    OLED_GRAM                                0x20000158   Data        1152  oled.o(.bss)
    ADC_Values                               0x200005d8   Data          10  adc.o(.bss)
    X_PID                                    0x200005e4   Data          40  pid.o(.bss)
    Y_PID                                    0x2000060c   Data          40  pid.o(.bss)
    Z_PID                                    0x20000634   Data          40  pid.o(.bss)
    rxbuf                                    0x2000065c   Data          16  tof.o(.bss)
    SAngle                                   0x2000066c   Data          20  jy61p.o(.bss)
    SGyro                                    0x20000680   Data          20  jy61p.o(.bss)
    SAcc                                     0x20000694   Data          20  jy61p.o(.bss)
    kfp_x                                    0x200007a4   Data          28  kalman.o(.bss)
    kfp_y                                    0x200007c0   Data          28  kalman.o(.bss)
    kfp_z                                    0x200007dc   Data          28  kalman.o(.bss)
    __libspace_start                         0x200007f8   Data          96  libspace.o(.bss)
    __temporary_stack_top$libspace           0x20000858   Data           0  libspace.o(.bss)



==============================================================================

Memory Map of the image

  Image Entry point : 0x08000189

  Load Region LR_IROM1 (Base: 0x08000000, Size: 0x00007e68, Max: 0x00100000, ABSOLUTE)

    Execution Region ER_IROM1 (Exec base: 0x08000000, Load base: 0x08000000, Size: 0x00007dd8, Max: 0x00100000, ABSOLUTE)

    Exec Addr    Load Addr    Size         Type   Attr      Idx    E Section Name        Object

    0x08000000   0x08000000   0x00000188   Data   RO          240    RESET               startup_stm32f40_41xxx.o
    0x08000188   0x08000188   0x00000008   Code   RO         1404  * !!!main             c_w.l(__main.o)
    0x08000190   0x08000190   0x00000034   Code   RO         1648    !!!scatter          c_w.l(__scatter.o)
    0x080001c4   0x080001c4   0x0000001a   Code   RO         1650    !!handler_copy      c_w.l(__scatter_copy.o)
    0x080001de   0x080001de   0x00000002   PAD
    0x080001e0   0x080001e0   0x0000001c   Code   RO         1652    !!handler_zi        c_w.l(__scatter_zi.o)
    0x080001fc   0x080001fc   0x00000000   Code   RO         1401    .ARM.Collect$$_printf_percent$$00000000  c_w.l(_printf_percent.o)
    0x080001fc   0x080001fc   0x00000006   Code   RO         1400    .ARM.Collect$$_printf_percent$$00000003  c_w.l(_printf_f.o)
    0x08000202   0x08000202   0x00000006   Code   RO         1399    .ARM.Collect$$_printf_percent$$00000009  c_w.l(_printf_d.o)
    0x08000208   0x08000208   0x00000004   Code   RO         1437    .ARM.Collect$$_printf_percent$$00000017  c_w.l(_printf_percent_end.o)
    0x0800020c   0x0800020c   0x00000002   Code   RO         1523    .ARM.Collect$$libinit$$00000000  c_w.l(libinit.o)
    0x0800020e   0x0800020e   0x00000004   Code   RO         1524    .ARM.Collect$$libinit$$00000001  c_w.l(libinit2.o)
    0x08000212   0x08000212   0x00000000   Code   RO         1527    .ARM.Collect$$libinit$$00000004  c_w.l(libinit2.o)
    0x08000212   0x08000212   0x00000000   Code   RO         1530    .ARM.Collect$$libinit$$0000000A  c_w.l(libinit2.o)
    0x08000212   0x08000212   0x00000000   Code   RO         1532    .ARM.Collect$$libinit$$0000000C  c_w.l(libinit2.o)
    0x08000212   0x08000212   0x00000000   Code   RO         1534    .ARM.Collect$$libinit$$0000000E  c_w.l(libinit2.o)
    0x08000212   0x08000212   0x00000006   Code   RO         1535    .ARM.Collect$$libinit$$0000000F  c_w.l(libinit2.o)
    0x08000218   0x08000218   0x00000000   Code   RO         1537    .ARM.Collect$$libinit$$00000011  c_w.l(libinit2.o)
    0x08000218   0x08000218   0x00000000   Code   RO         1539    .ARM.Collect$$libinit$$00000013  c_w.l(libinit2.o)
    0x08000218   0x08000218   0x00000000   Code   RO         1541    .ARM.Collect$$libinit$$00000015  c_w.l(libinit2.o)
    0x08000218   0x08000218   0x0000000a   Code   RO         1542    .ARM.Collect$$libinit$$00000016  c_w.l(libinit2.o)
    0x08000222   0x08000222   0x00000000   Code   RO         1543    .ARM.Collect$$libinit$$00000017  c_w.l(libinit2.o)
    0x08000222   0x08000222   0x00000000   Code   RO         1545    .ARM.Collect$$libinit$$00000019  c_w.l(libinit2.o)
    0x08000222   0x08000222   0x00000000   Code   RO         1547    .ARM.Collect$$libinit$$0000001B  c_w.l(libinit2.o)
    0x08000222   0x08000222   0x00000000   Code   RO         1549    .ARM.Collect$$libinit$$0000001D  c_w.l(libinit2.o)
    0x08000222   0x08000222   0x00000000   Code   RO         1551    .ARM.Collect$$libinit$$0000001F  c_w.l(libinit2.o)
    0x08000222   0x08000222   0x00000000   Code   RO         1553    .ARM.Collect$$libinit$$00000021  c_w.l(libinit2.o)
    0x08000222   0x08000222   0x00000000   Code   RO         1555    .ARM.Collect$$libinit$$00000023  c_w.l(libinit2.o)
    0x08000222   0x08000222   0x00000000   Code   RO         1557    .ARM.Collect$$libinit$$00000025  c_w.l(libinit2.o)
    0x08000222   0x08000222   0x00000000   Code   RO         1561    .ARM.Collect$$libinit$$0000002C  c_w.l(libinit2.o)
    0x08000222   0x08000222   0x00000000   Code   RO         1563    .ARM.Collect$$libinit$$0000002E  c_w.l(libinit2.o)
    0x08000222   0x08000222   0x00000000   Code   RO         1565    .ARM.Collect$$libinit$$00000030  c_w.l(libinit2.o)
    0x08000222   0x08000222   0x00000000   Code   RO         1567    .ARM.Collect$$libinit$$00000032  c_w.l(libinit2.o)
    0x08000222   0x08000222   0x00000002   Code   RO         1568    .ARM.Collect$$libinit$$00000033  c_w.l(libinit2.o)
    0x08000224   0x08000224   0x00000002   Code   RO         1596    .ARM.Collect$$libshutdown$$00000000  c_w.l(libshutdown.o)
    0x08000226   0x08000226   0x00000000   Code   RO         1605    .ARM.Collect$$libshutdown$$00000002  c_w.l(libshutdown2.o)
    0x08000226   0x08000226   0x00000000   Code   RO         1607    .ARM.Collect$$libshutdown$$00000004  c_w.l(libshutdown2.o)
    0x08000226   0x08000226   0x00000000   Code   RO         1609    .ARM.Collect$$libshutdown$$00000006  c_w.l(libshutdown2.o)
    0x08000226   0x08000226   0x00000000   Code   RO         1612    .ARM.Collect$$libshutdown$$00000009  c_w.l(libshutdown2.o)
    0x08000226   0x08000226   0x00000000   Code   RO         1615    .ARM.Collect$$libshutdown$$0000000C  c_w.l(libshutdown2.o)
    0x08000226   0x08000226   0x00000000   Code   RO         1617    .ARM.Collect$$libshutdown$$0000000E  c_w.l(libshutdown2.o)
    0x08000226   0x08000226   0x00000000   Code   RO         1620    .ARM.Collect$$libshutdown$$00000011  c_w.l(libshutdown2.o)
    0x08000226   0x08000226   0x00000002   Code   RO         1621    .ARM.Collect$$libshutdown$$00000012  c_w.l(libshutdown2.o)
    0x08000228   0x08000228   0x00000000   Code   RO         1430    .ARM.Collect$$rtentry$$00000000  c_w.l(__rtentry.o)
    0x08000228   0x08000228   0x00000000   Code   RO         1446    .ARM.Collect$$rtentry$$00000002  c_w.l(__rtentry2.o)
    0x08000228   0x08000228   0x00000006   Code   RO         1458    .ARM.Collect$$rtentry$$00000004  c_w.l(__rtentry4.o)
    0x0800022e   0x0800022e   0x00000000   Code   RO         1448    .ARM.Collect$$rtentry$$00000009  c_w.l(__rtentry2.o)
    0x0800022e   0x0800022e   0x00000004   Code   RO         1449    .ARM.Collect$$rtentry$$0000000A  c_w.l(__rtentry2.o)
    0x08000232   0x08000232   0x00000000   Code   RO         1451    .ARM.Collect$$rtentry$$0000000C  c_w.l(__rtentry2.o)
    0x08000232   0x08000232   0x00000008   Code   RO         1452    .ARM.Collect$$rtentry$$0000000D  c_w.l(__rtentry2.o)
    0x0800023a   0x0800023a   0x00000002   Code   RO         1569    .ARM.Collect$$rtexit$$00000000  c_w.l(rtexit.o)
    0x0800023c   0x0800023c   0x00000000   Code   RO         1576    .ARM.Collect$$rtexit$$00000002  c_w.l(rtexit2.o)
    0x0800023c   0x0800023c   0x00000004   Code   RO         1577    .ARM.Collect$$rtexit$$00000003  c_w.l(rtexit2.o)
    0x08000240   0x08000240   0x00000006   Code   RO         1578    .ARM.Collect$$rtexit$$00000004  c_w.l(rtexit2.o)
    0x08000246   0x08000246   0x00000002   PAD
    0x08000248   0x08000248   0x00000274   Code   RO            3    .text               main.o
    0x080004bc   0x080004bc   0x00000018   Code   RO          191    .text               stm32f4xx_it.o
    0x080004d4   0x080004d4   0x00000210   Code   RO          214    .text               system_stm32f4xx.o
    0x080006e4   0x080006e4   0x00000040   Code   RO          241    .text               startup_stm32f40_41xxx.o
    0x08000724   0x08000724   0x000000e0   Code   RO          247    .text               misc.o
    0x08000804   0x08000804   0x00000464   Code   RO          293    .text               stm32f4xx_adc.o
    0x08000c68   0x08000c68   0x000003a8   Code   RO          516    .text               stm32f4xx_dma.o
    0x08001010   0x08001010   0x00000294   Code   RO          622    .text               stm32f4xx_gpio.o
    0x080012a4   0x080012a4   0x0000065c   Code   RO          785    .text               stm32f4xx_rcc.o
    0x08001900   0x08001900   0x00000ca2   Code   RO          930    .text               stm32f4xx_tim.o
    0x080025a2   0x080025a2   0x00000002   PAD
    0x080025a4   0x080025a4   0x00000454   Code   RO          950    .text               stm32f4xx_usart.o
    0x080029f8   0x080029f8   0x00000104   Code   RO          990    .text               delay.o
    0x08002afc   0x08002afc   0x00000148   Code   RO         1030    .text               usart.o
    0x08002c44   0x08002c44   0x00000afc   Code   RO         1081    .text               oled.o
    0x08003740   0x08003740   0x0000015c   Code   RO         1108    .text               adc.o
    0x0800389c   0x0800389c   0x000003dc   Code   RO         1134    .text               motor.o
    0x08003c78   0x08003c78   0x0000022c   Code   RO         1164    .text               pid.o
    0x08003ea4   0x08003ea4   0x00000270   Code   RO         1191    .text               timer.o
    0x08004114   0x08004114   0x0000020c   Code   RO         1218    .text               tof.o
    0x08004320   0x08004320   0x00000190   Code   RO         1249    .text               usart2.o
    0x080044b0   0x080044b0   0x0000013c   Code   RO         1276    .text               jy61p.o
    0x080045ec   0x080045ec   0x000000dc   Code   RO         1306    .text               usart3.o
    0x080046c8   0x080046c8   0x000000a8   Code   RO         1349    .text               kalman.o
    0x08004770   0x08004770   0x00000002   Code   RO         1369    .text               c_w.l(use_no_semi_2.o)
    0x08004772   0x08004772   0x00000002   PAD
    0x08004774   0x08004774   0x00000018   Code   RO         1373    .text               c_w.l(noretval__2printf.o)
    0x0800478c   0x0800478c   0x00000068   Code   RO         1375    .text               c_w.l(__printf.o)
    0x080047f4   0x080047f4   0x00000078   Code   RO         1377    .text               c_w.l(_printf_dec.o)
    0x0800486c   0x0800486c   0x00000006   Code   RO         1402    .text               c_w.l(heapauxi.o)
    0x08004872   0x08004872   0x00000002   Code   RO         1428    .text               c_w.l(use_no_semi.o)
    0x08004874   0x08004874   0x000000b2   Code   RO         1431    .text               c_w.l(_printf_intcommon.o)
    0x08004926   0x08004926   0x0000041e   Code   RO         1433    .text               c_w.l(_printf_fp_dec.o)
    0x08004d44   0x08004d44   0x00000024   Code   RO         1435    .text               c_w.l(_printf_char_file.o)
    0x08004d68   0x08004d68   0x00000008   Code   RO         1463    .text               c_w.l(rt_locale_intlibspace.o)
    0x08004d70   0x08004d70   0x0000008a   Code   RO         1465    .text               c_w.l(lludiv10.o)
    0x08004dfa   0x08004dfa   0x00000002   PAD
    0x08004dfc   0x08004dfc   0x00000030   Code   RO         1467    .text               c_w.l(_printf_char_common.o)
    0x08004e2c   0x08004e2c   0x00000080   Code   RO         1469    .text               c_w.l(_printf_fp_infnan.o)
    0x08004eac   0x08004eac   0x000000e4   Code   RO         1471    .text               c_w.l(bigflt0.o)
    0x08004f90   0x08004f90   0x00000008   Code   RO         1496    .text               c_w.l(ferror.o)
    0x08004f98   0x08004f98   0x00000008   Code   RO         1507    .text               c_w.l(libspace.o)
    0x08004fa0   0x08004fa0   0x0000004a   Code   RO         1510    .text               c_w.l(sys_stackheap_outer.o)
    0x08004fea   0x08004fea   0x00000012   Code   RO         1514    .text               c_w.l(exit.o)
    0x08004ffc   0x08004ffc   0x00000080   Code   RO         1516    .text               c_w.l(strcmpv7m.o)
    0x0800507c   0x0800507c   0x0000003e   Code   RO         1474    CL$$btod_d2e        c_w.l(btod.o)
    0x080050ba   0x080050ba   0x00000046   Code   RO         1476    CL$$btod_d2e_denorm_low  c_w.l(btod.o)
    0x08005100   0x08005100   0x00000060   Code   RO         1475    CL$$btod_d2e_norm_op1  c_w.l(btod.o)
    0x08005160   0x08005160   0x00000338   Code   RO         1484    CL$$btod_div_common  c_w.l(btod.o)
    0x08005498   0x08005498   0x000000dc   Code   RO         1481    CL$$btod_e2e        c_w.l(btod.o)
    0x08005574   0x08005574   0x0000002a   Code   RO         1478    CL$$btod_ediv       c_w.l(btod.o)
    0x0800559e   0x0800559e   0x0000002a   Code   RO         1477    CL$$btod_emul       c_w.l(btod.o)
    0x080055c8   0x080055c8   0x00000244   Code   RO         1483    CL$$btod_mult_common  c_w.l(btod.o)
    0x0800580c   0x0800580c   0x00000030   Code   RO         1505    i.__ARM_fpclassify  m_wm.l(fpclassify.o)
    0x0800583c   0x0800583c   0x0000002c   Code   RO         1501    locale$$code        c_w.l(lc_numeric_c.o)
    0x08005868   0x08005868   0x00000150   Code   RO         1406    x$fpl$dadd          fz_wm.l(daddsub_clz.o)
    0x080059b8   0x080059b8   0x0000005a   Code   RO         1412    x$fpl$dfixu         fz_wm.l(dfixu.o)
    0x08005a12   0x08005a12   0x00000026   Code   RO         1416    x$fpl$dfltu         fz_wm.l(dflt_clz.o)
    0x08005a38   0x08005a38   0x00000154   Code   RO         1422    x$fpl$dmul          fz_wm.l(dmul.o)
    0x08005b8c   0x08005b8c   0x0000009c   Code   RO         1438    x$fpl$dnaninf       fz_wm.l(dnaninf.o)
    0x08005c28   0x08005c28   0x0000000c   Code   RO         1440    x$fpl$dretinf       fz_wm.l(dretinf.o)
    0x08005c34   0x08005c34   0x000001d4   Code   RO         1408    x$fpl$dsub          fz_wm.l(daddsub_clz.o)
    0x08005e08   0x08005e08   0x00000056   Code   RO         1424    x$fpl$f2d           fz_wm.l(f2d.o)
    0x08005e5e   0x08005e5e   0x0000008c   Code   RO         1442    x$fpl$fnaninf       fz_wm.l(fnaninf.o)
    0x08005eea   0x08005eea   0x0000000a   Code   RO         1573    x$fpl$fpinit        fz_wm.l(fpinit.o)
    0x08005ef4   0x08005ef4   0x00000004   Code   RO         1426    x$fpl$printf1       fz_wm.l(printf1.o)
    0x08005ef8   0x08005ef8   0x00000000   Code   RO         1444    x$fpl$usenofp       fz_wm.l(usenofp.o)
    0x08005ef8   0x08005ef8   0x00001e10   Data   RO         1083    .constdata          oled.o
    0x08007d08   0x08007d08   0x00000094   Data   RO         1472    .constdata          c_w.l(bigflt0.o)
    0x08007d9c   0x08007d9c   0x00000020   Data   RO         1646    Region$$Table       anon$$obj.o
    0x08007dbc   0x08007dbc   0x0000001c   Data   RO         1500    locale$$data        c_w.l(lc_numeric_c.o)


    Execution Region RW_IRAM1 (Exec base: 0x20000000, Load base: 0x08007dd8, Size: 0x00000e58, Max: 0x00020000, ABSOLUTE)

    Exec Addr    Load Addr    Size         Type   Attr      Idx    E Section Name        Object

    0x20000000   0x08007dd8   0x00000014   Data   RW          215    .data               system_stm32f4xx.o
    0x20000014   0x08007dec   0x00000010   Data   RW          786    .data               stm32f4xx_rcc.o
    0x20000024   0x08007dfc   0x00000004   Data   RW          991    .data               delay.o
    0x20000028   0x08007e00   0x00000006   Data   RW         1032    .data               usart.o
    0x2000002e   0x08007e06   0x00000028   Data   RW         1135    .data               motor.o
    0x20000056   0x08007e2e   0x00000002   PAD
    0x20000058   0x08007e30   0x00000018   Data   RW         1166    .data               pid.o
    0x20000070   0x08007e48   0x0000000e   Data   RW         1192    .data               timer.o
    0x2000007e   0x08007e56   0x00000002   PAD
    0x20000080   0x08007e58   0x0000000c   Data   RW         1220    .data               tof.o
    0x2000008c   0x08007e64   0x00000001   Data   RW         1278    .data               jy61p.o
    0x2000008d   0x08007e65   0x00000003   PAD
    0x20000090        -       0x000000c8   Zero   RW         1031    .bss                usart.o
    0x20000158        -       0x00000480   Zero   RW         1082    .bss                oled.o
    0x200005d8        -       0x0000000a   Zero   RW         1109    .bss                adc.o
    0x200005e2   0x08007e65   0x00000002   PAD
    0x200005e4        -       0x00000078   Zero   RW         1165    .bss                pid.o
    0x2000065c        -       0x00000010   Zero   RW         1219    .bss                tof.o
    0x2000066c        -       0x00000136   Zero   RW         1277    .bss                jy61p.o
    0x200007a2   0x08007e65   0x00000002   PAD
    0x200007a4        -       0x00000054   Zero   RW         1350    .bss                kalman.o
    0x200007f8        -       0x00000060   Zero   RW         1508    .bss                c_w.l(libspace.o)
    0x20000858        -       0x00000200   Zero   RW          239    HEAP                startup_stm32f40_41xxx.o
    0x20000a58        -       0x00000400   Zero   RW          238    STACK               startup_stm32f40_41xxx.o


==============================================================================

Image component sizes


      Code (inc. data)   RO Data    RW Data    ZI Data      Debug   Object Name

       348         22          0          0         10       1635   adc.o
       260          8          0          4          0       1533   delay.o
       316         32          0          1        310       1620   jy61p.o
       168         12          0          0         84       1887   kalman.o
       628        122          0          0          0      65747   main.o
       224         20          0          0          0     244921   misc.o
       988         36          0         40          0       3224   motor.o
      2812         58       7696          0       1152       9976   oled.o
       556         30          0         24        120       3294   pid.o
        64         26        392          0       1536        844   startup_stm32f40_41xxx.o
      1124         24          0          0          0      10738   stm32f4xx_adc.o
       936         32          0          0          0       6445   stm32f4xx_dma.o
       660         44          0          0          0       4209   stm32f4xx_gpio.o
        24          0          0          0          0       1150   stm32f4xx_it.o
      1628         52          0         16          0      13112   stm32f4xx_rcc.o
      3234         60          0          0          0      23064   stm32f4xx_tim.o
      1108         34          0          0          0       7932   stm32f4xx_usart.o
       528         46          0         20          0       1855   system_stm32f4xx.o
       624         80          0         14          0       1859   timer.o
       524         34          0         12         16       2025   tof.o
       328         16          0          6        200       3886   usart.o
       400         10          0          0          0       2790   usart2.o
       220         10          0          0          0        992   usart3.o

    ----------------------------------------------------------------------
     17704        808       8120        144       3432     414738   Object Totals
         0          0         32          0          0          0   (incl. Generated)
         2          0          0          7          4          0   (incl. Padding)

    ----------------------------------------------------------------------

      Code (inc. data)   RO Data    RW Data    ZI Data      Debug   Library Member Name

         8          0          0          0          0         68   __main.o
       104          0          0          0          0         84   __printf.o
         0          0          0          0          0          0   __rtentry.o
        12          0          0          0          0          0   __rtentry2.o
         6          0          0          0          0          0   __rtentry4.o
        52          8          0          0          0          0   __scatter.o
        26          0          0          0          0          0   __scatter_copy.o
        28          0          0          0          0          0   __scatter_zi.o
        48          6          0          0          0         96   _printf_char_common.o
        36          4          0          0          0         80   _printf_char_file.o
         6          0          0          0          0          0   _printf_d.o
       120         16          0          0          0         92   _printf_dec.o
         6          0          0          0          0          0   _printf_f.o
      1054          0          0          0          0        216   _printf_fp_dec.o
       128         16          0          0          0         84   _printf_fp_infnan.o
       178          0          0          0          0         88   _printf_intcommon.o
         0          0          0          0          0          0   _printf_percent.o
         4          0          0          0          0          0   _printf_percent_end.o
       228          4        148          0          0         96   bigflt0.o
      1936        128          0          0          0        672   btod.o
        18          0          0          0          0         80   exit.o
         8          0          0          0          0         68   ferror.o
         6          0          0          0          0        152   heapauxi.o
        44         10         28          0          0         76   lc_numeric_c.o
         2          0          0          0          0          0   libinit.o
        22          0          0          0          0          0   libinit2.o
         2          0          0          0          0          0   libshutdown.o
         2          0          0          0          0          0   libshutdown2.o
         8          4          0          0         96         68   libspace.o
       138          0          0          0          0         80   lludiv10.o
        24          4          0          0          0         84   noretval__2printf.o
         8          4          0          0          0         68   rt_locale_intlibspace.o
         2          0          0          0          0          0   rtexit.o
        10          0          0          0          0          0   rtexit2.o
       128          0          0          0          0         68   strcmpv7m.o
        74          0          0          0          0         80   sys_stackheap_outer.o
         2          0          0          0          0         68   use_no_semi.o
         2          0          0          0          0         68   use_no_semi_2.o
       804         16          0          0          0        368   daddsub_clz.o
        90          4          0          0          0        140   dfixu.o
        38          0          0          0          0        116   dflt_clz.o
       340         12          0          0          0        152   dmul.o
       156          4          0          0          0        140   dnaninf.o
        12          0          0          0          0        116   dretinf.o
        86          4          0          0          0        132   f2d.o
       140          4          0          0          0        132   fnaninf.o
        10          0          0          0          0        116   fpinit.o
         4          0          0          0          0        116   printf1.o
         0          0          0          0          0          0   usenofp.o
        48          0          0          0          0        124   fpclassify.o

    ----------------------------------------------------------------------
      6216        248        176          0         96       4188   Library Totals
         8          0          0          0          0          0   (incl. Padding)

    ----------------------------------------------------------------------

      Code (inc. data)   RO Data    RW Data    ZI Data      Debug   Library Name

      4480        204        176          0         96       2536   c_w.l
      1680         44          0          0          0       1528   fz_wm.l
        48          0          0          0          0        124   m_wm.l

    ----------------------------------------------------------------------
      6216        248        176          0         96       4188   Library Totals

    ----------------------------------------------------------------------

==============================================================================


      Code (inc. data)   RO Data    RW Data    ZI Data      Debug   

     23920       1056       8296        144       3528     412374   Grand Totals
     23920       1056       8296        144       3528     412374   ELF Image Totals
     23920       1056       8296        144          0          0   ROM Totals

==============================================================================

    Total RO  Size (Code + RO Data)                32216 (  31.46kB)
    Total RW  Size (RW Data + ZI Data)              3672 (   3.59kB)
    Total ROM Size (Code + RO Data + RW Data)      32360 (  31.60kB)

==============================================================================

